Component: ARM Compiler 5.05 update 1 (build 106) Tool: armlink [4d0efa]

==============================================================================

Section Cross References

    startup_stm32f407xx.o(RESET) refers to startup_stm32f407xx.o(STACK) for __initial_sp
    startup_stm32f407xx.o(RESET) refers to startup_stm32f407xx.o(.text) for Reset_Handler
    startup_stm32f407xx.o(RESET) refers to stm32f4xx_it.o(i.NMI_Handler) for NMI_Handler
    startup_stm32f407xx.o(RESET) refers to stm32f4xx_it.o(i.HardFault_Handler) for HardFault_Handler
    startup_stm32f407xx.o(RESET) refers to stm32f4xx_it.o(i.MemManage_Handler) for MemManage_Handler
    startup_stm32f407xx.o(RESET) refers to stm32f4xx_it.o(i.BusFault_Handler) for BusFault_Handler
    startup_stm32f407xx.o(RESET) refers to stm32f4xx_it.o(i.UsageFault_Handler) for UsageFault_Handler
    startup_stm32f407xx.o(RESET) refers to stm32f4xx_it.o(i.SVC_Handler) for SVC_Handler
    startup_stm32f407xx.o(RESET) refers to stm32f4xx_it.o(i.DebugMon_Handler) for DebugMon_Handler
    startup_stm32f407xx.o(RESET) refers to stm32f4xx_it.o(i.PendSV_Handler) for PendSV_Handler
    startup_stm32f407xx.o(RESET) refers to stm32f4xx_it.o(i.SysTick_Handler) for SysTick_Handler
    startup_stm32f407xx.o(RESET) refers to stm32f4xx_it.o(i.TIM2_IRQHandler) for TIM2_IRQHandler
    startup_stm32f407xx.o(RESET) refers to stm32f4xx_it.o(i.TIM4_IRQHandler) for TIM4_IRQHandler
    startup_stm32f407xx.o(RESET) refers to stm32f4xx_it.o(i.USART1_IRQHandler) for USART1_IRQHandler
    startup_stm32f407xx.o(RESET) refers to stm32f4xx_it.o(i.TIM5_IRQHandler) for TIM5_IRQHandler
    startup_stm32f407xx.o(RESET) refers to stm32f4xx_it.o(i.TIM6_DAC_IRQHandler) for TIM6_DAC_IRQHandler
    startup_stm32f407xx.o(RESET) refers to stm32f4xx_it.o(i.TIM7_IRQHandler) for TIM7_IRQHandler
    startup_stm32f407xx.o(.text) refers to system_stm32f4xx.o(i.SystemInit) for SystemInit
    startup_stm32f407xx.o(.text) refers to entry.o(.ARM.Collect$$$$00000000) for __main
    data_uart.o(i.Data_Receive_Prepare) refers to data_uart.o(i.Data_Receive_Handler) for Data_Receive_Handler
    data_uart.o(i.Data_Receive_Prepare) refers to data_uart.o(.data) for .data
    data_uart.o(i.Data_Receive_Prepare) refers to data_uart.o(.bss) for .bss
    data_uart.o(i.UART_SendData1) refers to stm32f4xx_hal_uart.o(i.HAL_UART_Transmit_IT) for HAL_UART_Transmit_IT
    data_uart.o(i.UART_SendData1) refers to data_uart.o(.bss) for .bss
    data_uart.o(i.UART_SendData1) refers to usart.o(.bss) for huart1
    data_uart.o(i.UART_SendData2) refers to stm32f4xx_hal_uart.o(i.HAL_UART_Transmit_IT) for HAL_UART_Transmit_IT
    data_uart.o(i.UART_SendData2) refers to data_uart.o(.bss) for .bss
    data_uart.o(i.UART_SendData2) refers to usart.o(.bss) for huart1
    data_uart.o(i.UART_SendData3) refers to stm32f4xx_hal_uart.o(i.HAL_UART_Transmit_IT) for HAL_UART_Transmit_IT
    data_uart.o(i.UART_SendData3) refers to data_uart.o(.bss) for .bss
    data_uart.o(i.UART_SendData3) refers to usart.o(.bss) for huart1
    data_uart.o(i.UART_SendData4) refers to stm32f4xx_hal_uart.o(i.HAL_UART_Transmit_IT) for HAL_UART_Transmit_IT
    data_uart.o(i.UART_SendData4) refers to data_uart.o(.bss) for .bss
    data_uart.o(i.UART_SendData4) refers to usart.o(.bss) for huart1
    nrf24l01.o(i.NRF24L01_Check) refers to nrf24l01.o(i.NRF24L01_Write_Buf) for NRF24L01_Write_Buf
    nrf24l01.o(i.NRF24L01_Check) refers to nrf24l01.o(i.NRF24L01_Read_Buf) for NRF24L01_Read_Buf
    nrf24l01.o(i.NRF24L01_Init) refers to stm32f4xx_hal_gpio.o(i.HAL_GPIO_WritePin) for HAL_GPIO_WritePin
    nrf24l01.o(i.NRF24L01_Init) refers to nrf24l01.o(i.DELAY_US) for DELAY_US
    nrf24l01.o(i.NRF24L01_Read_Buf) refers to stm32f4xx_hal_gpio.o(i.HAL_GPIO_WritePin) for HAL_GPIO_WritePin
    nrf24l01.o(i.NRF24L01_Read_Buf) refers to nrf24l01.o(i.nRF24_SPI_Send_Byte) for nRF24_SPI_Send_Byte
    nrf24l01.o(i.NRF24L01_Read_Buf) refers to stm32f4xx_hal_spi.o(i.HAL_SPI_Receive) for HAL_SPI_Receive
    nrf24l01.o(i.NRF24L01_Read_Buf) refers to spi.o(.bss) for hspi1
    nrf24l01.o(i.NRF24L01_Read_Reg) refers to stm32f4xx_hal_gpio.o(i.HAL_GPIO_WritePin) for HAL_GPIO_WritePin
    nrf24l01.o(i.NRF24L01_Read_Reg) refers to nrf24l01.o(i.nRF24_SPI_Send_Byte) for nRF24_SPI_Send_Byte
    nrf24l01.o(i.NRF24L01_RxPacket) refers to nrf24l01.o(i.NRF24L01_Read_Reg) for NRF24L01_Read_Reg
    nrf24l01.o(i.NRF24L01_RxPacket) refers to nrf24l01.o(i.NRF24L01_Write_Reg) for NRF24L01_Write_Reg
    nrf24l01.o(i.NRF24L01_RxPacket) refers to printfa.o(i.__0printf) for __2printf
    nrf24l01.o(i.NRF24L01_RxPacket) refers to nrf24l01.o(i.NRF24L01_Read_Buf) for NRF24L01_Read_Buf
    nrf24l01.o(i.NRF24L01_TxPacket) refers to stm32f4xx_hal_gpio.o(i.HAL_GPIO_WritePin) for HAL_GPIO_WritePin
    nrf24l01.o(i.NRF24L01_TxPacket) refers to nrf24l01.o(i.NRF24L01_Write_Buf) for NRF24L01_Write_Buf
    nrf24l01.o(i.NRF24L01_TxPacket) refers to stm32f4xx_hal_gpio.o(i.HAL_GPIO_ReadPin) for HAL_GPIO_ReadPin
[...]
    i.HAL_I2C_Master_Transmit                0x08000d84   Section        0  stm32f4xx_hal_i2c.o(i.HAL_I2C_Master_Transmit)
    i.HAL_I2C_MspInit                        0x08000eb0   Section        0  i2c.o(i.HAL_I2C_MspInit)
    i.HAL_IncTick                            0x08000f1c   Section        0  stm32f4xx_hal.o(i.HAL_IncTick)
    i.HAL_Init                               0x08000f2c   Section        0  stm32f4xx_hal.o(i.HAL_Init)
    i.HAL_InitTick                           0x08000f60   Section        0  stm32f4xx_hal.o(i.HAL_InitTick)
    i.HAL_MspInit                            0x08000fa0   Section        0  stm32f4xx_hal_msp.o(i.HAL_MspInit)
    i.HAL_NVIC_EnableIRQ                     0x08000fd0   Section        0  stm32f4xx_hal_cortex.o(i.HAL_NVIC_EnableIRQ)
    i.HAL_NVIC_SetPriority                   0x08000fec   Section        0  stm32f4xx_hal_cortex.o(i.HAL_NVIC_SetPriority)
    i.HAL_NVIC_SetPriorityGrouping           0x0800102c   Section        0  stm32f4xx_hal_cortex.o(i.HAL_NVIC_SetPriorityGrouping)
    i.HAL_RCC_ClockConfig                    0x08001050   Section        0  stm32f4xx_hal_rcc.o(i.HAL_RCC_ClockConfig)
    i.HAL_RCC_GetPCLK1Freq                   0x08001184   Section        0  stm32f4xx_hal_rcc.o(i.HAL_RCC_GetPCLK1Freq)
    i.HAL_RCC_GetPCLK2Freq                   0x080011a4   Section        0  stm32f4xx_hal_rcc.o(i.HAL_RCC_GetPCLK2Freq)
    i.HAL_RCC_GetSysClockFreq                0x080011c4   Section        0  stm32f4xx_hal_rcc.o(i.HAL_RCC_GetSysClockFreq)
    i.HAL_RCC_OscConfig                      0x08001224   Section        0  stm32f4xx_hal_rcc.o(i.HAL_RCC_OscConfig)
    i.HAL_SPI_Init                           0x08001590   Section        0  stm32f4xx_hal_spi.o(i.HAL_SPI_Init)
    i.HAL_SPI_MspInit                        0x0800164c   Section        0  spi.o(i.HAL_SPI_MspInit)
    i.HAL_SPI_Receive                        0x080016dc   Section        0  stm32f4xx_hal_spi.o(i.HAL_SPI_Receive)
    i.HAL_SPI_Transmit                       0x08001836   Section        0  stm32f4xx_hal_spi.o(i.HAL_SPI_Transmit)
    i.HAL_SPI_TransmitReceive                0x0800199c   Section        0  stm32f4xx_hal_spi.o(i.HAL_SPI_TransmitReceive)
    i.HAL_SYSTICK_Config                     0x08001b7e   Section        0  stm32f4xx_hal_cortex.o(i.HAL_SYSTICK_Config)
    i.HAL_TIMEx_BreakCallback                0x08001ba6   Section        0  stm32f4xx_hal_tim_ex.o(i.HAL_TIMEx_BreakCallback)
    i.HAL_TIMEx_CommutCallback               0x08001ba8   Section        0  stm32f4xx_hal_tim_ex.o(i.HAL_TIMEx_CommutCallback)
    i.HAL_TIMEx_ConfigBreakDeadTime          0x08001baa   Section        0  stm32f4xx_hal_tim_ex.o(i.HAL_TIMEx_ConfigBreakDeadTime)
    i.HAL_TIMEx_MasterConfigSynchronization  0x08001c00   Section        0  stm32f4xx_hal_tim_ex.o(i.HAL_TIMEx_MasterConfigSynchronization)
    i.HAL_TIM_Base_Init                      0x08001c90   Section        0  stm32f4xx_hal_tim.o(i.HAL_TIM_Base_Init)
    i.HAL_TIM_Base_MspInit                   0x08001cec   Section        0  tim.o(i.HAL_TIM_Base_MspInit)
    i.HAL_TIM_Base_Start_IT                  0x08001dd4   Section        0  stm32f4xx_hal_tim.o(i.HAL_TIM_Base_Start_IT)
    i.HAL_TIM_ConfigClockSource              0x08001e54   Section        0  stm32f4xx_hal_tim.o(i.HAL_TIM_ConfigClockSource)
    i.HAL_TIM_Encoder_Init                   0x08001f30   Section        0  stm32f4xx_hal_tim.o(i.HAL_TIM_Encoder_Init)
    i.HAL_TIM_Encoder_MspInit                0x08001fd4   Section        0  tim.o(i.HAL_TIM_Encoder_MspInit)
    i.HAL_TIM_Encoder_Start                  0x08002148   Section        0  stm32f4xx_hal_tim.o(i.HAL_TIM_Encoder_Start)
    i.HAL_TIM_IC_CaptureCallback             0x080021d6   Section        0  stm32f4xx_hal_tim.o(i.HAL_TIM_IC_CaptureCallback)
    i.HAL_TIM_IRQHandler                     0x080021d8   Section        0  stm32f4xx_hal_tim.o(i.HAL_TIM_IRQHandler)
    i.HAL_TIM_MspPostInit                    0x08002340   Section        0  tim.o(i.HAL_TIM_MspPostInit)
    i.HAL_TIM_OC_DelayElapsedCallback        0x08002470   Section        0  stm32f4xx_hal_tim.o(i.HAL_TIM_OC_DelayElapsedCallback)
    i.HAL_TIM_PWM_ConfigChannel              0x08002472   Section        0  stm32f4xx_hal_tim.o(i.HAL_TIM_PWM_ConfigChannel)
    i.HAL_TIM_PWM_Init                       0x0800253e   Section        0  stm32f4xx_hal_tim.o(i.HAL_TIM_PWM_Init)
    i.HAL_TIM_PWM_MspInit                    0x08002598   Section        0  stm32f4xx_hal_tim.o(i.HAL_TIM_PWM_MspInit)
    i.HAL_TIM_PWM_PulseFinishedCallback      0x0800259a   Section        0  stm32f4xx_hal_tim.o(i.HAL_TIM_PWM_PulseFinishedCallback)
    i.HAL_TIM_PWM_Start_IT                   0x0800259c   Section        0  stm32f4xx_hal_tim.o(i.HAL_TIM_PWM_Start_IT)
    i.HAL_TIM_PeriodElapsedCallback          0x08002690   Section        0  main.o(i.HAL_TIM_PeriodElapsedCallback)
    i.HAL_TIM_TriggerCallback                0x08003028   Section        0  stm32f4xx_hal_tim.o(i.HAL_TIM_TriggerCallback)
    i.HAL_UARTEx_RxEventCallback             0x0800302a   Section        0  stm32f4xx_hal_uart.o(i.HAL_UARTEx_RxEventCallback)
    i.HAL_UART_ErrorCallback                 0x0800302c   Section        0  stm32f4xx_hal_uart.o(i.HAL_UART_ErrorCallback)
    i.HAL_UART_IRQHandler                    0x08003030   Section        0  stm32f4xx_hal_uart.o(i.HAL_UART_IRQHandler)
    i.HAL_UART_Init                          0x08003298   Section        0  stm32f4xx_hal_uart.o(i.HAL_UART_Init)
    i.HAL_UART_MspInit                       0x080032fc   Section        0  usart.o(i.HAL_UART_MspInit)
    i.HAL_UART_RxCpltCallback                0x08003378   Section        0  stm32f4xx_hal_uart.o(i.HAL_UART_RxCpltCallback)
    i.HAL_UART_Transmit                      0x0800337c   Section        0  stm32f4xx_hal_uart.o(i.HAL_UART_Transmit)
    i.HAL_UART_Transmit_IT                   0x0800342e   Section        0  stm32f4xx_hal_uart.o(i.HAL_UART_Transmit_IT)
    i.HAL_UART_TxCpltCallback                0x0800346c   Section        0  stm32f4xx_hal_uart.o(i.HAL_UART_TxCpltCallback)
    i.HardFault_Handler                      0x0800346e   Section        0  stm32f4xx_it.o(i.HardFault_Handler)
    i.I2C_IsAcknowledgeFailed                0x08003470   Section        0  stm32f4xx_hal_i2c.o(i.I2C_IsAcknowledgeFailed)
    I2C_IsAcknowledgeFailed                  0x08003471   Thumb Code    46  stm32f4xx_hal_i2c.o(i.I2C_IsAcknowledgeFailed)
    i.I2C_MasterRequestWrite                 0x080034a0   Section        0  stm32f4xx_hal_i2c.o(i.I2C_MasterRequestWrite)
    I2C_MasterRequestWrite                   0x080034a1   Thumb Code   150  stm32f4xx_hal_i2c.o(i.I2C_MasterRequestWrite)
    i.I2C_WaitOnBTFFlagUntilTimeout          0x0800353c   Section        0  stm32f4xx_hal_i2c.o(i.I2C_WaitOnBTFFlagUntilTimeout)
    I2C_WaitOnBTFFlagUntilTimeout            0x0800353d   Thumb Code    76  stm32f4xx_hal_i2c.o(i.I2C_WaitOnBTFFlagUntilTimeout)
    i.I2C_WaitOnFlagUntilTimeout             0x08003588   Section        0  stm32f4xx_hal_i2c.o(i.I2C_WaitOnFlagUntilTimeout)
    I2C_WaitOnFlagUntilTimeout               0x08003589   Thumb Code   104  stm32f4xx_hal_i2c.o(i.I2C_WaitOnFlagUntilTimeout)
    i.I2C_WaitOnMasterAddressFlagUntilTimeout 0x080035f0   Section        0  stm32f4xx_hal_i2c.o(i.I2C_WaitOnMasterAddressFlagUntilTimeout)
    I2C_WaitOnMasterAddressFlagUntilTimeout  0x080035f1   Thumb Code   150  stm32f4xx_hal_i2c.o(i.I2C_WaitOnMasterAddressFlagUntilTimeout)
    i.I2C_WaitOnTXEFlagUntilTimeout          0x08003686   Section        0  stm32f4xx_hal_i2c.o(i.I2C_WaitOnTXEFlagUntilTimeout)
    I2C_WaitOnTXEFlagUntilTimeout            0x08003687   Thumb Code    76  stm32f4xx_hal_i2c.o(i.I2C_WaitOnTXEFlagUntilTimeout)
    i.MX_GPIO_Init                           0x080036d4   Section        0  gpio.o(i.MX_GPIO_Init)
    i.MX_I2C2_Init                           0x080037f4   Section        0  i2c.o(i.MX_I2C2_Init)
    i.MX_SPI1_Init                           0x08003834   Section        0  spi.o(i.MX_SPI1_Init)
    i.MX_TIM11_Init                          0x0800387c   Section        0  tim.o(i.MX_TIM11_Init)
    i.MX_TIM12_Init                          0x080038e4   Section        0  tim.o(i.MX_TIM12_Init)
    i.MX_TIM1_Init                           0x08003978   Section        0  tim.o(i.MX_TIM1_Init)
    i.MX_TIM2_Init                           0x08003a74   Section        0  tim.o(i.MX_TIM2_Init)
    i.MX_TIM3_Init                           0x08003adc   Section        0  tim.o(i.MX_TIM3_Init)
    i.MX_TIM4_Init                           0x08003b98   Section        0  tim.o(i.MX_TIM4_Init)
    i.MX_TIM5_Init                           0x08003c04   Section        0  tim.o(i.MX_TIM5_Init)
    i.MX_TIM6_Init                           0x08003c6c   Section        0  tim.o(i.MX_TIM6_Init)
    i.MX_TIM7_Init                           0x08003cb4   Section        0  tim.o(i.MX_TIM7_Init)
    i.MX_TIM8_Init                           0x08003d00   Section        0  tim.o(i.MX_TIM8_Init)
    i.MX_TIM9_Init                           0x08003d6c   Section        0  tim.o(i.MX_TIM9_Init)
    i.MX_USART1_UART_Init                    0x08003e00   Section        0  usart.o(i.MX_USART1_UART_Init)
    i.MemManage_Handler                      0x08003e38   Section        0  stm32f4xx_it.o(i.MemManage_Handler)
    i.NMI_Handler                            0x08003e3a   Section        0  stm32f4xx_it.o(i.NMI_Handler)
    i.NRF24L01_Check                         0x08003e3c   Section        0  nrf24l01.o(i.NRF24L01_Check)
    i.NRF24L01_Init                          0x08003e84   Section        0  nrf24l01.o(i.NRF24L01_Init)
    i.NRF24L01_Read_Buf                      0x08003eac   Section        0  nrf24l01.o(i.NRF24L01_Read_Buf)
    i.NRF24L01_Read_Reg                      0x08003ef0   Section        0  nrf24l01.o(i.NRF24L01_Read_Reg)
    i.NRF24L01_RxPacket                      0x08003f20   Section        0  nrf24l01.o(i.NRF24L01_RxPacket)
    i.NRF24L01_Write_Buf                     0x08003f74   Section        0  nrf24l01.o(i.NRF24L01_Write_Buf)
    i.NRF24L01_Write_Reg                     0x08003fb8   Section        0  nrf24l01.o(i.NRF24L01_Write_Reg)
    i.OLED_DrawBMP                           0x08003fec   Section        0  oled.o(i.OLED_DrawBMP)
    i.OLED_display_on                        0x0800402c   Section        0  oled.o(i.OLED_display_on)
    i.OLED_draw_point                        0x0800404c   Section        0  oled.o(i.OLED_draw_point)
    i.OLED_init                              0x08004094   Section        0  oled.o(i.OLED_init)
    i.OLED_operate_gram                      0x0800417c   Section        0  oled.o(i.OLED_operate_gram)
    i.OLED_printf                            0x080041bc   Section        0  oled.o(i.OLED_printf)
    i.OLED_refresh_gram                      0x08004200   Section        0  oled.o(i.OLED_refresh_gram)
    i.OLED_set_pos                           0x08004234   Section        0  oled.o(i.OLED_set_pos)
    i.OLED_show_char                         0x0800425c   Section        0  oled.o(i.OLED_show_char)
    i.OLED_show_string                       0x080042d4   Section        0  oled.o(i.OLED_show_string)
    i.PWM_output                             0x08004304   Section        0  main.o(i.PWM_output)
    i.PendSV_Handler                         0x080043ec   Section        0  stm32f4xx_it.o(i.PendSV_Handler)
    i.RX_Mode                                0x080043f0   Section        0  nrf24l01.o(i.RX_Mode)
    i.SPI_EndRxTransaction                   0x08004450   Section        0  stm32f4xx_hal_spi.o(i.SPI_EndRxTransaction)
    SPI_EndRxTransaction                     0x08004451   Thumb Code    92  stm32f4xx_hal_spi.o(i.SPI_EndRxTransaction)
    i.SPI_EndRxTxTransaction                 0x080044ac   Section        0  stm32f4xx_hal_spi.o(i.SPI_EndRxTxTransaction)
    SPI_EndRxTxTransaction                   0x080044ad   Thumb Code    80  stm32f4xx_hal_spi.o(i.SPI_EndRxTxTransaction)
    i.SPI_WaitFlagStateUntilTimeout          0x08004504   Section        0  stm32f4xx_hal_spi.o(i.SPI_WaitFlagStateUntilTimeout)
    SPI_WaitFlagStateUntilTimeout            0x08004505   Thumb Code   180  stm32f4xx_hal_spi.o(i.SPI_WaitFlagStateUntilTimeout)
    i.SVC_Handler                            0x080045bc   Section        0  stm32f4xx_it.o(i.SVC_Handler)
    i.SysTick_Handler                        0x080045be   Section        0  stm32f4xx_it.o(i.SysTick_Handler)
    i.SystemClock_Config                     0x080045c4   Section        0  main.o(i.SystemClock_Config)
    i.SystemInit                             0x08004654   Section        0  system_stm32f4xx.o(i.SystemInit)
    i.TIM2_IRQHandler                        0x08004664   Section        0  stm32f4xx_it.o(i.TIM2_IRQHandler)
    i.TIM4_IRQHandler                        0x08004670   Section        0  stm32f4xx_it.o(i.TIM4_IRQHandler)
    i.TIM5_IRQHandler                        0x0800467c   Section        0  stm32f4xx_it.o(i.TIM5_IRQHandler)
    i.TIM6_DAC_IRQHandler                    0x08004688   Section        0  stm32f4xx_it.o(i.TIM6_DAC_IRQHandler)
    i.TIM7_IRQHandler                        0x08004694   Section        0  stm32f4xx_it.o(i.TIM7_IRQHandler)
    i.TIM_Base_SetConfig                     0x080046a0   Section        0  stm32f4xx_hal_tim.o(i.TIM_Base_SetConfig)
    i.TIM_CCxChannelCmd                      0x08004768   Section        0  stm32f4xx_hal_tim.o(i.TIM_CCxChannelCmd)
    i.TIM_ETR_SetConfig                      0x08004782   Section        0  stm32f4xx_hal_tim.o(i.TIM_ETR_SetConfig)
    i.TIM_ITRx_SetConfig                     0x08004796   Section        0  stm32f4xx_hal_tim.o(i.TIM_ITRx_SetConfig)
    TIM_ITRx_SetConfig                       0x08004797   Thumb Code    16  stm32f4xx_hal_tim.o(i.TIM_ITRx_SetConfig)
    i.TIM_OC1_SetConfig                      0x080047a8   Section        0  stm32f4xx_hal_tim.o(i.TIM_OC1_SetConfig)
    TIM_OC1_SetConfig                        0x080047a9   Thumb Code    88  stm32f4xx_hal_tim.o(i.TIM_OC1_SetConfig)
    i.TIM_OC2_SetConfig                      0x08004808   Section        0  stm32f4xx_hal_tim.o(i.TIM_OC2_SetConfig)
    i.TIM_OC3_SetConfig                      0x08004874   Section        0  stm32f4xx_hal_tim.o(i.TIM_OC3_SetConfig)
    TIM_OC3_SetConfig                        0x08004875   Thumb Code    96  stm32f4xx_hal_tim.o(i.TIM_OC3_SetConfig)
    i.TIM_OC4_SetConfig                      0x080048dc   Section        0  stm32f4xx_hal_tim.o(i.TIM_OC4_SetConfig)
    TIM_OC4_SetConfig                        0x080048dd   Thumb Code    70  stm32f4xx_hal_tim.o(i.TIM_OC4_SetConfig)
    i.TIM_TI1_ConfigInputStage               0x0800492c   Section        0  stm32f4xx_hal_tim.o(i.TIM_TI1_ConfigInputStage)
    TIM_TI1_ConfigInputStage                 0x0800492d   Thumb Code    34  stm32f4xx_hal_tim.o(i.TIM_TI1_ConfigInputStage)
    i.TIM_TI2_ConfigInputStage               0x0800494e   Section        0  stm32f4xx_hal_tim.o(i.TIM_TI2_ConfigInputStage)
    TIM_TI2_ConfigInputStage                 0x0800494f   Thumb Code    36  stm32f4xx_hal_tim.o(i.TIM_TI2_ConfigInputStage)
    i.UART_DMAAbortOnError                   0x08004972   Section        0  stm32f4xx_hal_uart.o(i.UART_DMAAbortOnError)
    UART_DMAAbortOnError                     0x08004973   Thumb Code    16  stm32f4xx_hal_uart.o(i.UART_DMAAbortOnError)
    i.UART_EndRxTransfer                     0x08004982   Section        0  stm32f4xx_hal_uart.o(i.UART_EndRxTransfer)
    UART_EndRxTransfer                       0x08004983   Thumb Code    78  stm32f4xx_hal_uart.o(i.UART_EndRxTransfer)
    i.UART_Receive_IT                        0x080049d0   Section        0  stm32f4xx_hal_uart.o(i.UART_Receive_IT)
    UART_Receive_IT                          0x080049d1   Thumb Code   192  stm32f4xx_hal_uart.o(i.UART_Receive_IT)
    i.UART_SendData4                         0x08004a90   Section        0  data_uart.o(i.UART_SendData4)
    i.UART_SetConfig                         0x08004b18   Section        0  stm32f4xx_hal_uart.o(i.UART_SetConfig)
    UART_SetConfig                           0x08004b19   Thumb Code   258  stm32f4xx_hal_uart.o(i.UART_SetConfig)
    i.UART_WaitOnFlagUntilTimeout            0x08004c24   Section        0  stm32f4xx_hal_uart.o(i.UART_WaitOnFlagUntilTimeout)
    UART_WaitOnFlagUntilTimeout              0x08004c25   Thumb Code   120  stm32f4xx_hal_uart.o(i.UART_WaitOnFlagUntilTimeout)
    i.USART1_IRQHandler                      0x08004c9c   Section        0  stm32f4xx_it.o(i.USART1_IRQHandler)
    i.UsageFault_Handler                     0x08004ca8   Section        0  stm32f4xx_it.o(i.UsageFault_Handler)
    i.__0printf                              0x08004cac   Section        0  printfa.o(i.__0printf)
    i.__0vsprintf                            0x08004ccc   Section        0  printfa.o(i.__0vsprintf)
    i.__ARM_fpclassify                       0x08004cf0   Section        0  fpclassify.o(i.__ARM_fpclassify)
    i.__NVIC_SetPriority                     0x08004d20   Section        0  stm32f4xx_hal_cortex.o(i.__NVIC_SetPriority)
    __NVIC_SetPriority                       0x08004d21   Thumb Code    32  stm32f4xx_hal_cortex.o(i.__NVIC_SetPriority)
    i.__hardfp_asin                          0x08004d40   Section        0  asin.o(i.__hardfp_asin)
    i.__hardfp_atan                          0x080050a0   Section        0  atan.o(i.__hardfp_atan)
    i.__hardfp_cos                           0x08005378   Section        0  cos.o(i.__hardfp_cos)
    i.__hardfp_sin                           0x08005440   Section        0  sin.o(i.__hardfp_sin)
    i.__hardfp_sqrt                          0x08005508   Section        0  sqrt.o(i.__hardfp_sqrt)
    i.__ieee754_rem_pio2                     0x08005588   Section        0  rred.o(i.__ieee754_rem_pio2)
    i.__kernel_cos                           0x080059c0   Section        0  cos_i.o(i.__kernel_cos)
    i.__kernel_poly                          0x08005b30   Section        0  poly.o(i.__kernel_poly)
    i.__kernel_sin                           0x08005c28   Section        0  sin_i.o(i.__kernel_sin)
    i.__mathlib_dbl_infnan                   0x08005d58   Section        0  dunder.o(i.__mathlib_dbl_infnan)
    i.__mathlib_dbl_invalid                  0x08005d70   Section        0  dunder.o(i.__mathlib_dbl_invalid)
    i.__mathlib_dbl_underflow                0x08005d90   Section        0  dunder.o(i.__mathlib_dbl_underflow)
    i.__scatterload_copy                     0x08005db0   Section       14  handlers.o(i.__scatterload_copy)
    i.__scatterload_null                     0x08005dbe   Section        2  handlers.o(i.__scatterload_null)
    i.__scatterload_zeroinit                 0x08005dc0   Section       14  handlers.o(i.__scatterload_zeroinit)
    i.__set_errno                            0x08005dd0   Section        0  errno.o(i.__set_errno)
    i._fp_digits                             0x08005ddc   Section        0  printfa.o(i._fp_digits)
    _fp_digits                               0x08005ddd   Thumb Code   334  printfa.o(i._fp_digits)
    i._printf_core                           0x08005f40   Section        0  printfa.o(i._printf_core)
    _printf_core                             0x08005f41   Thumb Code  1744  printfa.o(i._printf_core)
    i._printf_post_padding                   0x0800661c   Section        0  printfa.o(i._printf_post_padding)
    _printf_post_padding                     0x0800661d   Thumb Code    36  printfa.o(i._printf_post_padding)
    i._printf_pre_padding                    0x08006640   Section        0  printfa.o(i._printf_pre_padding)
    _printf_pre_padding                      0x08006641   Thumb Code    46  printfa.o(i._printf_pre_padding)
    i._sputc                                 0x0800666e   Section        0  printfa.o(i._sputc)
    _sputc                                   0x0800666f   Thumb Code    10  printfa.o(i._sputc)
    i.fabs                                   0x08006678   Section        0  fabs.o(i.fabs)
    i.fputc                                  0x08006690   Section        0  usart.o(i.fputc)
    i.get_speed                              0x080066a8   Section        0  main.o(i.get_speed)
    i.input_pidv                             0x080066fc   Section        0  main.o(i.input_pidv)
    i.main                                   0x08006740   Section        0  main.o(i.main)
    i.mani_cul                               0x08006b10   Section        0  main.o(i.mani_cul)
    i.nRF24_SPI_Send_Byte                    0x08006f44   Section        0  nrf24l01.o(i.nRF24_SPI_Send_Byte)
    i.oled_write_byte                        0x08006f64   Section        0  oled.o(i.oled_write_byte)
    i.pid_autoset                            0x08006f8c   Section        0  main.o(i.pid_autoset)
    i.pid_cal                                0x080070d0   Section        0  main.o(i.pid_cal)
    i.pwm_limit                              0x08007118   Section        0  main.o(i.pwm_limit)
    i.sqrt                                   0x08007134   Section        0  sqrt.o(i.sqrt)
    .constdata                               0x080071a2   Section        5  nrf24l01.o(.constdata)
    .constdata                               0x080071a7   Section     2164  oled.o(.constdata)
    .constdata                               0x08007a1b   Section       16  system_stm32f4xx.o(.constdata)
    .constdata                               0x08007a2b   Section        8  system_stm32f4xx.o(.constdata)
    .constdata                               0x08007a38   Section       80  asin.o(.constdata)
    pS                                       0x08007a38   Data          48  asin.o(.constdata)
    qS                                       0x08007a68   Data          32  asin.o(.constdata)
    .constdata                               0x08007a88   Section      152  atan.o(.constdata)
    atanhi                                   0x08007a88   Data          32  atan.o(.constdata)
    atanlo                                   0x08007aa8   Data          32  atan.o(.constdata)
    aTodd                                    0x08007ac8   Data          40  atan.o(.constdata)
    aTeven                                   0x08007af0   Data          48  atan.o(.constdata)
    .constdata                               0x08007b20   Section       48  cos_i.o(.constdata)
    C                                        0x08007b20   Data          48  cos_i.o(.constdata)
    .constdata                               0x08007b50   Section      200  rred.o(.constdata)
    pio2s                                    0x08007b50   Data          48  rred.o(.constdata)
    twooverpi                                0x08007b80   Data         152  rred.o(.constdata)
    .constdata                               0x08007c18   Section       40  sin_i.o(.constdata)
    S                                        0x08007c18   Data          40  sin_i.o(.constdata)
    .data                                    0x20000000   Section      390  oled.o(.data)
    .data                                    0x20000188   Section        8  oled.o(.data)
    cmd_data                                 0x20000188   Data           2  oled.o(.data)
    ap                                       0x2000018c   Data           4  oled.o(.data)
    .data                                    0x20000190   Section       44  main.o(.data)
    .data                                    0x200001bc   Section       12  stm32f4xx_hal.o(.data)
    .data                                    0x200001c8   Section        4  system_stm32f4xx.o(.data)
    .data                                    0x200001cc   Section        4  stdout.o(.data)
    .data                                    0x200001d0   Section        4  errno.o(.data)
    _errno                                   0x200001d0   Data           4  errno.o(.data)
    .bss                                     0x200001d4   Section      110  data_uart.o(.bss)
    RxBuffer                                 0x200001d4   Data          50  data_uart.o(.bss)
    .bss                                     0x20000242   Section     1152  oled.o(.bss)
    LCD_BUF                                  0x20000242   Data         128  oled.o(.bss)
    OLED_GRAM                                0x200002c2   Data        1024  oled.o(.bss)
    .bss                                     0x200006c8   Section      436  main.o(.bss)
    .bss                                     0x2000087c   Section       84  i2c.o(.bss)
    .bss                                     0x200008d0   Section       88  spi.o(.bss)
    .bss                                     0x20000928   Section      792  tim.o(.bss)
    .bss                                     0x20000c40   Section      132  usart.o(.bss)
    STACK                                    0x20000cc8   Section     1024  startup_stm32f407xx.o(STACK)

    Global Symbols

    Symbol Name                              Value     Ov Type        Size  Object(Section)

    BuildAttributes$$THM_ISAv4$E$P$D$K$B$S$7EM$VFPi3$EXTD16$VFPS$VFMA$PE$A:L22UL41UL21$X:L11$S22US41US21$IEEE1$IW$USESV6$~STKCKD$USESV7$~SHL$OTIME$ROPI$IEEEX$EBA8$MICROLIB$REQ8$PRES8$EABIv2 0x00000000   Number         0  anon$$obj.o ABSOLUTE
    __ARM_use_no_argv                        0x00000000   Number         0  main.o ABSOLUTE
    __cpp_initialize__aeabi_                  - Undefined Weak Reference
    __cxa_finalize                            - Undefined Weak Reference
    _clock_init                               - Undefined Weak Reference
    _microlib_exit                            - Undefined Weak Reference
    __Vectors_Size                           0x00000188   Number         0  startup_stm32f407xx.o ABSOLUTE
    __Vectors                                0x08000000   Data           4  startup_stm32f407xx.o(RESET)
    __Vectors_End                            0x08000188   Data           0  startup_stm32f407xx.o(RESET)
    __main                                   0x08000189   Thumb Code     0  entry.o(.ARM.Collect$$$$00000000)
    _main_stk                                0x08000189   Thumb Code     0  entry2.o(.ARM.Collect$$$$00000001)
    _main_scatterload                        0x0800018d   Thumb Code     0  entry5.o(.ARM.Collect$$$$00000004)
    __main_after_scatterload                 0x08000191   Thumb Code     0  entry5.o(.ARM.Collect$$$$00000004)
    _main_clock                              0x08000191   Thumb Code     0  entry7b.o(.ARM.Collect$$$$00000008)
    _main_cpp_init                           0x08000191   Thumb Code     0  entry8b.o(.ARM.Collect$$$$0000000A)
    _main_init                               0x08000191   Thumb Code     0  entry9a.o(.ARM.Collect$$$$0000000B)
    __rt_final_cpp                           0x08000199   Thumb Code     0  entry10a.o(.ARM.Collect$$$$0000000D)
    __rt_final_exit                          0x08000199   Thumb Code     0  entry11a.o(.ARM.Collect$$$$0000000F)
    Reset_Handler                            0x0800019d   Thumb Code     8  startup_stm32f407xx.o(.text)
    ADC_IRQHandler                           0x080001b7   Thumb Code     0  startup_stm32f407xx.o(.text)
    CAN1_RX0_IRQHandler                      0x080001b7   Thumb Code     0  startup_stm32f407xx.o(.text)
    CAN1_RX1_IRQHandler                      0x080001b7   Thumb Code     0  startup_stm32f407xx.o(.text)
    CAN1_SCE_IRQHandler                      0x080001b7   Thumb Code     0  startup_stm32f407xx.o(.text)
    CAN1_TX_IRQHandler                       0x080001b7   Thumb Code     0  startup_stm32f407xx.o(.text)
    CAN2_RX0_IRQHandler                      0x080001b7   Thumb Code     0  startup_stm32f407xx.o(.text)
    CAN2_RX1_IRQHandler                      0x080001b7   Thumb Code     0  startup_stm32f407xx.o(.text)
    CAN2_SCE_IRQHandler                      0x080001b7   Thumb Code     0  startup_stm32f407xx.o(.text)
    CAN2_TX_IRQHandler                       0x080001b7   Thumb Code     0  startup_stm32f407xx.o(.text)
    DCMI_IRQHandler                          0x080001b7   Thumb Code     0  startup_stm32f407xx.o(.text)
    DMA1_Stream0_IRQHandler                  0x080001b7   Thumb Code     0  startup_stm32f407xx.o(.text)
    DMA1_Stream1_IRQHandler                  0x080001b7   Thumb Code     0  startup_stm32f407xx.o(.text)
    DMA1_Stream2_IRQHandler                  0x080001b7   Thumb Code     0  startup_stm32f407xx.o(.text)
    DMA1_Stream3_IRQHandler                  0x080001b7   Thumb Code     0  startup_stm32f407xx.o(.text)
    DMA1_Stream4_IRQHandler                  0x080001b7   Thumb Code     0  startup_stm32f407xx.o(.text)
    DMA1_Stream5_IRQHandler                  0x080001b7   Thumb Code     0  startup_stm32f407xx.o(.text)
    DMA1_Stream6_IRQHandler                  0x080001b7   Thumb Code     0  startup_stm32f407xx.o(.text)
    DMA1_Stream7_IRQHandler                  0x080001b7   Thumb Code     0  startup_stm32f407xx.o(.text)
    DMA2_Stream0_IRQHandler                  0x080001b7   Thumb Code     0  startup_stm32f407xx.o(.text)
    DMA2_Stream1_IRQHandler                  0x080001b7   Thumb Code     0  startup_stm32f407xx.o(.text)
    DMA2_Stream2_IRQHandler                  0x080001b7   Thumb Code     0  startup_stm32f407xx.o(.text)
    DMA2_Stream3_IRQHandler                  0x080001b7   Thumb Code     0  startup_stm32f407xx.o(.text)
    DMA2_Stream4_IRQHandler                  0x080001b7   Thumb Code     0  startup_stm32f407xx.o(.text)
    DMA2_Stream5_IRQHandler                  0x080001b7   Thumb Code     0  startup_stm32f407xx.o(.text)
    DMA2_Stream6_IRQHandler                  0x080001b7   Thumb Code     0  startup_stm32f407xx.o(.text)
    DMA2_Stream7_IRQHandler                  0x080001b7   Thumb Code     0  startup_stm32f407xx.o(.text)
    ETH_IRQHandler                           0x080001b7   Thumb Code     0  startup_stm32f407xx.o(.text)
    ETH_WKUP_IRQHandler                      0x080001b7   Thumb Code     0  startup_stm32f407xx.o(.text)
    EXTI0_IRQHandler                         0x080001b7   Thumb Code     0  startup_stm32f407xx.o(.text)
    EXTI15_10_IRQHandler                     0x080001b7   Thumb Code     0  startup_stm32f407xx.o(.text)
    EXTI1_IRQHandler                         0x080001b7   Thumb Code     0  startup_stm32f407xx.o(.text)
    EXTI2_IRQHandler                         0x080001b7   Thumb Code     0  startup_stm32f407xx.o(.text)
    EXTI3_IRQHandler                         0x080001b7   Thumb Code     0  startup_stm32f407xx.o(.text)
    EXTI4_IRQHandler                         0x080001b7   Thumb Code     0  startup_stm32f407xx.o(.text)
    EXTI9_5_IRQHandler                       0x080001b7   Thumb Code     0  startup_stm32f407xx.o(.text)
    FLASH_IRQHandler                         0x080001b7   Thumb Code     0  startup_stm32f407xx.o(.text)
    FMC_IRQHandler                           0x080001b7   Thumb Code     0  startup_stm32f407xx.o(.text)
    FPU_IRQHandler                           0x080001b7   Thumb Code     0  startup_stm32f407xx.o(.text)
    HASH_RNG_IRQHandler                      0x080001b7   Thumb Code     0  startup_stm32f407xx.o(.text)
    I2C1_ER_IRQHandler                       0x080001b7   Thumb Code     0  startup_stm32f407xx.o(.text)
    I2C1_EV_IRQHandler                       0x080001b7   Thumb Code     0  startup_stm32f407xx.o(.text)
    I2C2_ER_IRQHandler                       0x080001b7   Thumb Code     0  startup_stm32f407xx.o(.text)
    I2C2_EV_IRQHandler                       0x080001b7   Thumb Code     0  startup_stm32f407xx.o(.text)
    I2C3_ER_IRQHandler                       0x080001b7   Thumb Code     0  startup_stm32f407xx.o(.text)
    I2C3_EV_IRQHandler                       0x080001b7   Thumb Code     0  startup_stm32f407xx.o(.text)
    OTG_FS_IRQHandler                        0x080001b7   Thumb Code     0  startup_stm32f407xx.o(.text)
    OTG_FS_WKUP_IRQHandler                   0x080001b7   Thumb Code     0  startup_stm32f407xx.o(.text)
    OTG_HS_EP1_IN_IRQHandler                 0x080001b7   Thumb Code     0  startup_stm32f407xx.o(.text)
    OTG_HS_EP1_OUT_IRQHandler                0x080001b7   Thumb Code     0  startup_stm32f407xx.o(.text)
    OTG_HS_IRQHandler                        0x080001b7   Thumb Code     0  startup_stm32f407xx.o(.text)
    OTG_HS_WKUP_IRQHandler                   0x080001b7   Thumb Code     0  startup_stm32f407xx.o(.text)
    PVD_IRQHandler                           0x080001b7   Thumb Code     0  startup_stm32f407xx.o(.text)
    RCC_IRQHandler                           0x080001b7   Thumb Code     0  startup_stm32f407xx.o(.text)
    RTC_Alarm_IRQHandler                     0x080001b7   Thumb Code     0  startup_stm32f407xx.o(.text)
    RTC_WKUP_IRQHandler                      0x080001b7   Thumb Code     0  startup_stm32f407xx.o(.text)
    SDIO_IRQHandler                          0x080001b7   Thumb Code     0  startup_stm32f407xx.o(.text)
    SPI1_IRQHandler                          0x080001b7   Thumb Code     0  startup_stm32f407xx.o(.text)
    SPI2_IRQHandler                          0x080001b7   Thumb Code     0  startup_stm32f407xx.o(.text)
    SPI3_IRQHandler                          0x080001b7   Thumb Code     0  startup_stm32f407xx.o(.text)
    TAMP_STAMP_IRQHandler                    0x080001b7   Thumb Code     0  startup_stm32f407xx.o(.text)
    TIM1_BRK_TIM9_IRQHandler                 0x080001b7   Thumb Code     0  startup_stm32f407xx.o(.text)
    TIM1_CC_IRQHandler                       0x080001b7   Thumb Code     0  startup_stm32f407xx.o(.text)
    TIM1_TRG_COM_TIM11_IRQHandler            0x080001b7   Thumb Code     0  startup_stm32f407xx.o(.text)
    TIM1_UP_TIM10_IRQHandler                 0x080001b7   Thumb Code     0  startup_stm32f407xx.o(.text)
    TIM3_IRQHandler                          0x080001b7   Thumb Code     0  startup_stm32f407xx.o(.text)
    TIM8_BRK_TIM12_IRQHandler                0x080001b7   Thumb Code     0  startup_stm32f407xx.o(.text)
    TIM8_CC_IRQHandler                       0x080001b7   Thumb Code     0  startup_stm32f407xx.o(.text)
    TIM8_TRG_COM_TIM14_IRQHandler            0x080001b7   Thumb Code     0  startup_stm32f407xx.o(.text)
    TIM8_UP_TIM13_IRQHandler                 0x080001b7   Thumb Code     0  startup_stm32f407xx.o(.text)
    UART4_IRQHandler                         0x080001b7   Thumb Code     0  startup_stm32f407xx.o(.text)
    UART5_IRQHandler                         0x080001b7   Thumb Code     0  startup_stm32f407xx.o(.text)
    USART2_IRQHandler                        0x080001b7   Thumb Code     0  startup_stm32f407xx.o(.text)
    USART3_IRQHandler                        0x080001b7   Thumb Code     0  startup_stm32f407xx.o(.text)
    USART6_IRQHandler                        0x080001b7   Thumb Code     0  startup_stm32f407xx.o(.text)
    WWDG_IRQHandler                          0x080001b7   Thumb Code     0  startup_stm32f407xx.o(.text)
    __aeabi_uldivmod                         0x080001c1   Thumb Code    98  uldiv.o(.text)
    __aeabi_memset                           0x08000223   Thumb Code    14  memseta.o(.text)
    __aeabi_memset4                          0x08000223   Thumb Code     0  memseta.o(.text)
    __aeabi_memset8                          0x08000223   Thumb Code     0  memseta.o(.text)
    __aeabi_memclr                           0x08000231   Thumb Code     4  memseta.o(.text)
    __aeabi_memclr4                          0x08000231   Thumb Code     0  memseta.o(.text)
    __aeabi_memclr8                          0x08000231   Thumb Code     0  memseta.o(.text)
    _memset$wrapper                          0x08000235   Thumb Code    18  memseta.o(.text)
    __aeabi_dadd                             0x08000247   Thumb Code   322  dadd.o(.text)
    __aeabi_dsub                             0x08000389   Thumb Code     6  dadd.o(.text)
    __aeabi_drsub                            0x0800038f   Thumb Code     6  dadd.o(.text)
    __aeabi_dmul                             0x08000395   Thumb Code   228  dmul.o(.text)
    __aeabi_ddiv                             0x08000479   Thumb Code   222  ddiv.o(.text)
    __aeabi_i2d                              0x08000557   Thumb Code    34  dflti.o(.text)
    __aeabi_d2iz                             0x08000579   Thumb Code    62  dfixi.o(.text)
    __aeabi_d2uiz                            0x080005b7   Thumb Code    50  dfixui.o(.text)
    __aeabi_cdcmpeq                          0x080005e9   Thumb Code     0  cdcmple.o(.text)
    __aeabi_cdcmple                          0x080005e9   Thumb Code    48  cdcmple.o(.text)
    __aeabi_cdrcmple                         0x08000619   Thumb Code    48  cdrcmple.o(.text)
    __aeabi_uidiv                            0x08000649   Thumb Code     0  uidiv.o(.text)
    __aeabi_uidivmod                         0x08000649   Thumb Code    44  uidiv.o(.text)
    __aeabi_llsl                             0x08000675   Thumb Code    30  llshl.o(.text)
    _ll_shift_l                              0x08000675   Thumb Code     0  llshl.o(.text)
    __aeabi_llsr                             0x08000693   Thumb Code    32  llushr.o(.text)
    _ll_ushift_r                             0x08000693   Thumb Code     0  llushr.o(.text)
    __aeabi_lasr                             0x080006b3   Thumb Code    36  llsshr.o(.text)
    _ll_sshift_r                             0x080006b3   Thumb Code     0  llsshr.o(.text)
    __I$use$fp                               0x080006d7   Thumb Code     0  iusefp.o(.text)
    _double_round                            0x080006d7   Thumb Code    30  depilogue.o(.text)
    _double_epilogue                         0x080006f5   Thumb Code   156  depilogue.o(.text)
    _dsqrt                                   0x08000791   Thumb Code   162  dsqrt.o(.text)
    __aeabi_d2ulz                            0x08000833   Thumb Code    48  dfixul.o(.text)
    __scatterload                            0x08000865   Thumb Code    28  init.o(.text)
    __scatterload_rt2                        0x08000865   Thumb Code     0  init.o(.text)
    __aeabi_ui2d                             0x08000889   Thumb Code    26  dfltui.o(.text)
    __decompress                             0x080008a3   Thumb Code     0  __dczerorl2.o(.text)
    __decompress1                            0x080008a3   Thumb Code    86  __dczerorl2.o(.text)
    ABS                                      0x080008f9   Thumb Code     8  main.o(i.ABS)
    BusFault_Handler                         0x08000901   Thumb Code     2  stm32f4xx_it.o(i.BusFault_Handler)
    DELAY_US                                 0x08000903   Thumb Code    16  nrf24l01.o(i.DELAY_US)
    DebugMon_Handler                         0x08000913   Thumb Code     2  stm32f4xx_it.o(i.DebugMon_Handler)
    Error_Handler                            0x08000915   Thumb Code     4  main.o(i.Error_Handler)
    HAL_DMA_Abort                            0x08000919   Thumb Code   146  stm32f4xx_hal_dma.o(i.HAL_DMA_Abort)
    HAL_DMA_Abort_IT                         0x080009ab   Thumb Code    36  stm32f4xx_hal_dma.o(i.HAL_DMA_Abort_IT)
    HAL_Delay                                0x080009d1   Thumb Code    32  stm32f4xx_hal.o(i.HAL_Delay)
    HAL_GPIO_Init                            0x080009f5   Thumb Code   450  stm32f4xx_hal_gpio.o(i.HAL_GPIO_Init)
    HAL_GPIO_WritePin                        0x08000be5   Thumb Code    10  stm32f4xx_hal_gpio.o(i.HAL_GPIO_WritePin)
    HAL_GetTick                              0x08000bf1   Thumb Code     6  stm32f4xx_hal.o(i.HAL_GetTick)
    HAL_I2C_Init                             0x08000bfd   Thumb Code   376  stm32f4xx_hal_i2c.o(i.HAL_I2C_Init)
    HAL_I2C_Master_Transmit                  0x08000d85   Thumb Code   290  stm32f4xx_hal_i2c.o(i.HAL_I2C_Master_Transmit)
    HAL_I2C_MspInit                          0x08000eb1   Thumb Code    94  i2c.o(i.HAL_I2C_MspInit)
    HAL_IncTick                              0x08000f1d   Thumb Code    12  stm32f4xx_hal.o(i.HAL_IncTick)
    HAL_Init                                 0x08000f2d   Thumb Code    48  stm32f4xx_hal.o(i.HAL_Init)
    HAL_InitTick                             0x08000f61   Thumb Code    54  stm32f4xx_hal.o(i.HAL_InitTick)
    HAL_MspInit                              0x08000fa1   Thumb Code    42  stm32f4xx_hal_msp.o(i.HAL_MspInit)
    HAL_NVIC_EnableIRQ                       0x08000fd1   Thumb Code    26  stm32f4xx_hal_cortex.o(i.HAL_NVIC_EnableIRQ)
    HAL_NVIC_SetPriority                     0x08000fed   Thumb Code    60  stm32f4xx_hal_cortex.o(i.HAL_NVIC_SetPriority)
    HAL_NVIC_SetPriorityGrouping             0x0800102d   Thumb Code    26  stm32f4xx_hal_cortex.o(i.HAL_NVIC_SetPriorityGrouping)
    HAL_RCC_ClockConfig                      0x08001051   Thumb Code   288  stm32f4xx_hal_rcc.o(i.HAL_RCC_ClockConfig)
    HAL_RCC_GetPCLK1Freq                     0x08001185   Thumb Code    20  stm32f4xx_hal_rcc.o(i.HAL_RCC_GetPCLK1Freq)
    HAL_RCC_GetPCLK2Freq                     0x080011a5   Thumb Code    20  stm32f4xx_hal_rcc.o(i.HAL_RCC_GetPCLK2Freq)
    HAL_RCC_GetSysClockFreq                  0x080011c5   Thumb Code    88  stm32f4xx_hal_rcc.o(i.HAL_RCC_GetSysClockFreq)
    HAL_RCC_OscConfig                        0x08001225   Thumb Code   856  stm32f4xx_hal_rcc.o(i.HAL_RCC_OscConfig)
    HAL_SPI_Init                             0x08001591   Thumb Code   188  stm32f4xx_hal_spi.o(i.HAL_SPI_Init)
    HAL_SPI_MspInit                          0x0800164d   Thumb Code   128  spi.o(i.HAL_SPI_MspInit)
    HAL_SPI_Receive                          0x080016dd   Thumb Code   346  stm32f4xx_hal_spi.o(i.HAL_SPI_Receive)
    HAL_SPI_Transmit                         0x08001837   Thumb Code   358  stm32f4xx_hal_spi.o(i.HAL_SPI_Transmit)
    HAL_SPI_TransmitReceive                  0x0800199d   Thumb Code   482  stm32f4xx_hal_spi.o(i.HAL_SPI_TransmitReceive)
    HAL_SYSTICK_Config                       0x08001b7f   Thumb Code    40  stm32f4xx_hal_cortex.o(i.HAL_SYSTICK_Config)
    HAL_TIMEx_BreakCallback                  0x08001ba7   Thumb Code     2  stm32f4xx_hal_tim_ex.o(i.HAL_TIMEx_BreakCallback)
    HAL_TIMEx_CommutCallback                 0x08001ba9   Thumb Code     2  stm32f4xx_hal_tim_ex.o(i.HAL_TIMEx_CommutCallback)
    HAL_TIMEx_ConfigBreakDeadTime            0x08001bab   Thumb Code    84  stm32f4xx_hal_tim_ex.o(i.HAL_TIMEx_ConfigBreakDeadTime)
    HAL_TIMEx_MasterConfigSynchronization    0x08001c01   Thumb Code   116  stm32f4xx_hal_tim_ex.o(i.HAL_TIMEx_MasterConfigSynchronization)
    HAL_TIM_Base_Init                        0x08001c91   Thumb Code    90  stm32f4xx_hal_tim.o(i.HAL_TIM_Base_Init)
    HAL_TIM_Base_MspInit                     0x08001ced   Thumb Code   200  tim.o(i.HAL_TIM_Base_MspInit)
    HAL_TIM_Base_Start_IT                    0x08001dd5   Thumb Code   100  stm32f4xx_hal_tim.o(i.HAL_TIM_Base_Start_IT)
    HAL_TIM_ConfigClockSource                0x08001e55   Thumb Code   220  stm32f4xx_hal_tim.o(i.HAL_TIM_ConfigClockSource)
    HAL_TIM_Encoder_Init                     0x08001f31   Thumb Code   164  stm32f4xx_hal_tim.o(i.HAL_TIM_Encoder_Init)
    HAL_TIM_Encoder_MspInit                  0x08001fd5   Thumb Code   344  tim.o(i.HAL_TIM_Encoder_MspInit)
    HAL_TIM_Encoder_Start                    0x08002149   Thumb Code   142  stm32f4xx_hal_tim.o(i.HAL_TIM_Encoder_Start)
    HAL_TIM_IC_CaptureCallback               0x080021d7   Thumb Code     2  stm32f4xx_hal_tim.o(i.HAL_TIM_IC_CaptureCallback)
    HAL_TIM_IRQHandler                       0x080021d9   Thumb Code   358  stm32f4xx_hal_tim.o(i.HAL_TIM_IRQHandler)
    HAL_TIM_MspPostInit                      0x08002341   Thumb Code   268  tim.o(i.HAL_TIM_MspPostInit)
    HAL_TIM_OC_DelayElapsedCallback          0x08002471   Thumb Code     2  stm32f4xx_hal_tim.o(i.HAL_TIM_OC_DelayElapsedCallback)
    HAL_TIM_PWM_ConfigChannel                0x08002473   Thumb Code   204  stm32f4xx_hal_tim.o(i.HAL_TIM_PWM_ConfigChannel)
    HAL_TIM_PWM_Init                         0x0800253f   Thumb Code    90  stm32f4xx_hal_tim.o(i.HAL_TIM_PWM_Init)
    HAL_TIM_PWM_MspInit                      0x08002599   Thumb Code     2  stm32f4xx_hal_tim.o(i.HAL_TIM_PWM_MspInit)
    HAL_TIM_PWM_PulseFinishedCallback        0x0800259b   Thumb Code     2  stm32f4xx_hal_tim.o(i.HAL_TIM_PWM_PulseFinishedCallback)
    HAL_TIM_PWM_Start_IT                     0x0800259d   Thumb Code   216  stm32f4xx_hal_tim.o(i.HAL_TIM_PWM_Start_IT)
    HAL_TIM_PeriodElapsedCallback            0x08002691   Thumb Code  2430  main.o(i.HAL_TIM_PeriodElapsedCallback)
    HAL_TIM_TriggerCallback                  0x08003029   Thumb Code     2  stm32f4xx_hal_tim.o(i.HAL_TIM_TriggerCallback)
    HAL_UARTEx_RxEventCallback               0x0800302b   Thumb Code     2  stm32f4xx_hal_uart.o(i.HAL_UARTEx_RxEventCallback)
    HAL_UART_ErrorCallback                   0x0800302d   Thumb Code     2  stm32f4xx_hal_uart.o(i.HAL_UART_ErrorCallback)
    HAL_UART_IRQHandler                      0x08003031   Thumb Code   610  stm32f4xx_hal_uart.o(i.HAL_UART_IRQHandler)
    HAL_UART_Init                            0x08003299   Thumb Code    98  stm32f4xx_hal_uart.o(i.HAL_UART_Init)
    HAL_UART_MspInit                         0x080032fd   Thumb Code   110  usart.o(i.HAL_UART_MspInit)
    HAL_UART_RxCpltCallback                  0x08003379   Thumb Code     2  stm32f4xx_hal_uart.o(i.HAL_UART_RxCpltCallback)
    HAL_UART_Transmit                        0x0800337d   Thumb Code   178  stm32f4xx_hal_uart.o(i.HAL_UART_Transmit)
    HAL_UART_Transmit_IT                     0x0800342f   Thumb Code    62  stm32f4xx_hal_uart.o(i.HAL_UART_Transmit_IT)
    HAL_UART_TxCpltCallback                  0x0800346d   Thumb Code     2  stm32f4xx_hal_uart.o(i.HAL_UART_TxCpltCallback)
    HardFault_Handler                        0x0800346f   Thumb Code     2  stm32f4xx_it.o(i.HardFault_Handler)
    MX_GPIO_Init                             0x080036d5   Thumb Code   266  gpio.o(i.MX_GPIO_Init)
    MX_I2C2_Init                             0x080037f5   Thumb Code    50  i2c.o(i.MX_I2C2_Init)
    MX_SPI1_Init                             0x08003835   Thumb Code    62  spi.o(i.MX_SPI1_Init)
    MX_TIM11_Init                            0x0800387d   Thumb Code    96  tim.o(i.MX_TIM11_Init)
    MX_TIM12_Init                            0x080038e5   Thumb Code   140  tim.o(i.MX_TIM12_Init)
    MX_TIM1_Init                             0x08003979   Thumb Code   242  tim.o(i.MX_TIM1_Init)
    MX_TIM2_Init                             0x08003a75   Thumb Code    98  tim.o(i.MX_TIM2_Init)
    MX_TIM3_Init                             0x08003add   Thumb Code   178  tim.o(i.MX_TIM3_Init)
    MX_TIM4_Init                             0x08003b99   Thumb Code    98  tim.o(i.MX_TIM4_Init)
    MX_TIM5_Init                             0x08003c05   Thumb Code    96  tim.o(i.MX_TIM5_Init)
    MX_TIM6_Init                             0x08003c6d   Thumb Code    64  tim.o(i.MX_TIM6_Init)
    MX_TIM7_Init                             0x08003cb5   Thumb Code    66  tim.o(i.MX_TIM7_Init)
    MX_TIM8_Init                             0x08003d01   Thumb Code   100  tim.o(i.MX_TIM8_Init)
    MX_TIM9_Init                             0x08003d6d   Thumb Code   140  tim.o(i.MX_TIM9_Init)
    MX_USART1_UART_Init                      0x08003e01   Thumb Code    48  usart.o(i.MX_USART1_UART_Init)
    MemManage_Handler                        0x08003e39   Thumb Code     2  stm32f4xx_it.o(i.MemManage_Handler)
    NMI_Handler                              0x08003e3b   Thumb Code     2  stm32f4xx_it.o(i.NMI_Handler)
    NRF24L01_Check                           0x08003e3d   Thumb Code    64  nrf24l01.o(i.NRF24L01_Check)
    NRF24L01_Init                            0x08003e85   Thumb Code    34  nrf24l01.o(i.NRF24L01_Init)
    NRF24L01_Read_Buf                        0x08003ead   Thumb Code    58  nrf24l01.o(i.NRF24L01_Read_Buf)
    NRF24L01_Read_Reg                        0x08003ef1   Thumb Code    44  nrf24l01.o(i.NRF24L01_Read_Reg)
    NRF24L01_RxPacket                        0x08003f21   Thumb Code    68  nrf24l01.o(i.NRF24L01_RxPacket)
    NRF24L01_Write_Buf                       0x08003f75   Thumb Code    58  nrf24l01.o(i.NRF24L01_Write_Buf)
    NRF24L01_Write_Reg                       0x08003fb9   Thumb Code    46  nrf24l01.o(i.NRF24L01_Write_Reg)
    OLED_DrawBMP                             0x08003fed   Thumb Code    64  oled.o(i.OLED_DrawBMP)
    OLED_display_on                          0x0800402d   Thumb Code    30  oled.o(i.OLED_display_on)
    OLED_draw_point                          0x0800404d   Thumb Code    66  oled.o(i.OLED_draw_point)
    OLED_init                                0x08004095   Thumb Code   230  oled.o(i.OLED_init)
    OLED_operate_gram                        0x0800417d   Thumb Code    60  oled.o(i.OLED_operate_gram)
    OLED_printf                              0x080041bd   Thumb Code    58  oled.o(i.OLED_printf)
    OLED_refresh_gram                        0x08004201   Thumb Code    46  oled.o(i.OLED_refresh_gram)
    OLED_set_pos                             0x08004235   Thumb Code    40  oled.o(i.OLED_set_pos)
    OLED_show_char                           0x0800425d   Thumb Code   116  oled.o(i.OLED_show_char)
    OLED_show_string                         0x080042d5   Thumb Code    46  oled.o(i.OLED_show_string)
    PWM_output                               0x08004305   Thumb Code   220  main.o(i.PWM_output)
    PendSV_Handler                           0x080043ed   Thumb Code     2  stm32f4xx_it.o(i.PendSV_Handler)
    RX_Mode                                  0x080043f1   Thumb Code    86  nrf24l01.o(i.RX_Mode)
    SVC_Handler                              0x080045bd   Thumb Code     2  stm32f4xx_it.o(i.SVC_Handler)
    SysTick_Handler                          0x080045bf   Thumb Code     4  stm32f4xx_it.o(i.SysTick_Handler)
    SystemClock_Config                       0x080045c5   Thumb Code   136  main.o(i.SystemClock_Config)
    SystemInit                               0x08004655   Thumb Code    12  system_stm32f4xx.o(i.SystemInit)
    TIM2_IRQHandler                          0x08004665   Thumb Code     6  stm32f4xx_it.o(i.TIM2_IRQHandler)
    TIM4_IRQHandler                          0x08004671   Thumb Code     6  stm32f4xx_it.o(i.TIM4_IRQHandler)
    TIM5_IRQHandler                          0x0800467d   Thumb Code     6  stm32f4xx_it.o(i.TIM5_IRQHandler)
    TIM6_DAC_IRQHandler                      0x08004689   Thumb Code     6  stm32f4xx_it.o(i.TIM6_DAC_IRQHandler)
    TIM7_IRQHandler                          0x08004695   Thumb Code     6  stm32f4xx_it.o(i.TIM7_IRQHandler)
    TIM_Base_SetConfig                       0x080046a1   Thumb Code   156  stm32f4xx_hal_tim.o(i.TIM_Base_SetConfig)
    TIM_CCxChannelCmd                        0x08004769   Thumb Code    26  stm32f4xx_hal_tim.o(i.TIM_CCxChannelCmd)
    TIM_ETR_SetConfig                        0x08004783   Thumb Code    20  stm32f4xx_hal_tim.o(i.TIM_ETR_SetConfig)
    TIM_OC2_SetConfig                        0x08004809   Thumb Code    98  stm32f4xx_hal_tim.o(i.TIM_OC2_SetConfig)
    UART_SendData4                           0x08004a91   Thumb Code   126  data_uart.o(i.UART_SendData4)
    USART1_IRQHandler                        0x08004c9d   Thumb Code     6  stm32f4xx_it.o(i.USART1_IRQHandler)
    UsageFault_Handler                       0x08004ca9   Thumb Code     2  stm32f4xx_it.o(i.UsageFault_Handler)
    __0printf                                0x08004cad   Thumb Code    22  printfa.o(i.__0printf)
    __1printf                                0x08004cad   Thumb Code     0  printfa.o(i.__0printf)
    __2printf                                0x08004cad   Thumb Code     0  printfa.o(i.__0printf)
    __c89printf                              0x08004cad   Thumb Code     0  printfa.o(i.__0printf)
    printf                                   0x08004cad   Thumb Code     0  printfa.o(i.__0printf)
    __0vsprintf                              0x08004ccd   Thumb Code    30  printfa.o(i.__0vsprintf)
    __1vsprintf                              0x08004ccd   Thumb Code     0  printfa.o(i.__0vsprintf)
    __2vsprintf                              0x08004ccd   Thumb Code     0  printfa.o(i.__0vsprintf)
    __c89vsprintf                            0x08004ccd   Thumb Code     0  printfa.o(i.__0vsprintf)
    vsprintf                                 0x08004ccd   Thumb Code     0  printfa.o(i.__0vsprintf)
    __ARM_fpclassify                         0x08004cf1   Thumb Code    48  fpclassify.o(i.__ARM_fpclassify)
    __hardfp_asin                            0x08004d41   Thumb Code   770  asin.o(i.__hardfp_asin)
    __hardfp_atan                            0x080050a1   Thumb Code   622  atan.o(i.__hardfp_atan)
    __hardfp_cos                             0x08005379   Thumb Code   180  cos.o(i.__hardfp_cos)
    __hardfp_sin                             0x08005441   Thumb Code   180  sin.o(i.__hardfp_sin)
    __hardfp_sqrt                            0x08005509   Thumb Code   122  sqrt.o(i.__hardfp_sqrt)
    __ieee754_rem_pio2                       0x08005589   Thumb Code   938  rred.o(i.__ieee754_rem_pio2)
    __kernel_cos                             0x080059c1   Thumb Code   322  cos_i.o(i.__kernel_cos)
    __kernel_poly                            0x08005b31   Thumb Code   248  poly.o(i.__kernel_poly)
    __kernel_sin                             0x08005c29   Thumb Code   280  sin_i.o(i.__kernel_sin)
    __mathlib_dbl_infnan                     0x08005d59   Thumb Code    20  dunder.o(i.__mathlib_dbl_infnan)
    __mathlib_dbl_invalid                    0x08005d71   Thumb Code    24  dunder.o(i.__mathlib_dbl_invalid)
    __mathlib_dbl_underflow                  0x08005d91   Thumb Code    24  dunder.o(i.__mathlib_dbl_underflow)
    __scatterload_copy                       0x08005db1   Thumb Code    14  handlers.o(i.__scatterload_copy)
    __scatterload_null                       0x08005dbf   Thumb Code     2  handlers.o(i.__scatterload_null)
    __scatterload_zeroinit                   0x08005dc1   Thumb Code    14  handlers.o(i.__scatterload_zeroinit)
    __set_errno                              0x08005dd1   Thumb Code     6  errno.o(i.__set_errno)
    fabs                                     0x08006679   Thumb Code    24  fabs.o(i.fabs)
    fputc                                    0x08006691   Thumb Code    18  usart.o(i.fputc)
    get_speed                                0x080066a9   Thumb Code    68  main.o(i.get_speed)
    input_pidv                               0x080066fd   Thumb Code    62  main.o(i.input_pidv)
    main                                     0x08006741   Thumb Code   682  main.o(i.main)
    mani_cul                                 0x08006b11   Thumb Code   950  main.o(i.mani_cul)
    nRF24_SPI_Send_Byte                      0x08006f45   Thumb Code    26  nrf24l01.o(i.nRF24_SPI_Send_Byte)
    oled_write_byte                          0x08006f65   Thumb Code    30  oled.o(i.oled_write_byte)
    pid_autoset                              0x08006f8d   Thumb Code   288  main.o(i.pid_autoset)
    pid_cal                                  0x080070d1   Thumb Code    70  main.o(i.pid_cal)
    pwm_limit                                0x08007119   Thumb Code    22  main.o(i.pwm_limit)
    sqrt                                     0x08007135   Thumb Code   110  sqrt.o(i.sqrt)
    INIT_ADDR1                               0x080071a2   Data           5  nrf24l01.o(.constdata)
    asc2_1206                                0x080071a7   Data        1140  oled.o(.constdata)
    LOGO_BMP                                 0x0800761b   Data        1024  oled.o(.constdata)
    AHBPrescTable                            0x08007a1b   Data          16  system_stm32f4xx.o(.constdata)
    APBPrescTable                            0x08007a2b   Data           8  system_stm32f4xx.o(.constdata)
    Region$$Table$$Base                      0x08007c40   Number         0  anon$$obj.o(Region$$Table)
    Region$$Table$$Limit                     0x08007c60   Number         0  anon$$obj.o(Region$$Table)
    gImage_windbreaker                       0x20000000   Data         390  oled.o(.data)
    data_L_X                                 0x20000190   Data           1  main.o(.data)
    data_L_Y                                 0x20000191   Data           1  main.o(.data)
    data_R_X                                 0x20000192   Data           1  main.o(.data)
    data_R_Y                                 0x20000193   Data           1  main.o(.data)
    i                                        0x20000194   Data           4  main.o(.data)
    motor_rotate_speed                       0x20000198   Data           4  main.o(.data)
    target_cal                               0x2000019c   Data           4  main.o(.data)
    mani_lock_flag                           0x200001a0   Data           4  main.o(.data)
    m_reset_flag                             0x200001a4   Data           4  main.o(.data)
    w                                        0x200001a8   Data           4  main.o(.data)
    temp_X                                   0x200001ac   Data           4  main.o(.data)
    temp_Y                                   0x200001b0   Data           4  main.o(.data)
    temp_K                                   0x200001b4   Data           4  main.o(.data)
    temp_A                                   0x200001b8   Data           4  main.o(.data)
    uwTickFreq                               0x200001bc   Data           1  stm32f4xx_hal.o(.data)
    uwTickPrio                               0x200001c0   Data           4  stm32f4xx_hal.o(.data)
    uwTick                                   0x200001c4   Data           4  stm32f4xx_hal.o(.data)
    SystemCoreClock                          0x200001c8   Data           4  system_stm32f4xx.o(.data)
    __stdout                                 0x200001cc   Data           4  stdout.o(.data)
    uart_datatosend                          0x20000206   Data          60  data_uart.o(.bss)
    controller_signal                        0x200006c8   Data          32  main.o(.bss)
    pwm_output                               0x200006e8   Data          32  main.o(.bss)
    motor_speed                              0x20000708   Data          16  main.o(.bss)
    target                                   0x20000718   Data          64  main.o(.bss)
    mani_status                              0x20000758   Data         128  main.o(.bss)
    error_status                             0x200007d8   Data          36  main.o(.bss)
    drive_pidp_LF                            0x200007fc   Data          12  main.o(.bss)
    drive_pidp_LB                            0x20000808   Data          12  main.o(.bss)
    drive_pidp_RF                            0x20000814   Data          12  main.o(.bss)
    drive_pidp_RB                            0x20000820   Data          12  main.o(.bss)
    drive_pidv_L_F                           0x2000082c   Data          20  main.o(.bss)
    drive_pidv_L_B                           0x20000840   Data          20  main.o(.bss)
    drive_pidv_R_F                           0x20000854   Data          20  main.o(.bss)
    drive_pidv_R_B                           0x20000868   Data          20  main.o(.bss)
    hi2c2                                    0x2000087c   Data          84  i2c.o(.bss)
    hspi1                                    0x200008d0   Data          88  spi.o(.bss)
    htim1                                    0x20000928   Data          72  tim.o(.bss)
    htim2                                    0x20000970   Data          72  tim.o(.bss)
    htim3                                    0x200009b8   Data          72  tim.o(.bss)
    htim4                                    0x20000a00   Data          72  tim.o(.bss)
    htim5                                    0x20000a48   Data          72  tim.o(.bss)
    htim6                                    0x20000a90   Data          72  tim.o(.bss)
    htim7                                    0x20000ad8   Data          72  tim.o(.bss)
    htim8                                    0x20000b20   Data          72  tim.o(.bss)
    htim9                                    0x20000b68   Data          72  tim.o(.bss)
    htim11                                   0x20000bb0   Data          72  tim.o(.bss)
    htim12                                   0x20000bf8   Data          72  tim.o(.bss)
    huart1                                   0x20000c40   Data          68  usart.o(.bss)
    printf_temp                              0x20000c84   Data          64  usart.o(.bss)
    __initial_sp                             0x200010c8   Data           0  startup_stm32f407xx.o(STACK)



==============================================================================

Memory Map of the image

  Image Entry point : 0x08000189

  Load Region LR_IROM1 (Base: 0x08000000, Size: 0x00007e34, Max: 0x00080000, ABSOLUTE, COMPRESSED[0x00007d20])

    Execution Region ER_IROM1 (Exec base: 0x08000000, Load base: 0x08000000, Size: 0x00007c60, Max: 0x00080000, ABSOLUTE)

    Exec Addr    Load Addr    Size         Type   Attr      Idx    E Section Name        Object

    0x08000000   0x08000000   0x00000188   Data   RO            3    RESET               startup_stm32f407xx.o
    0x08000188   0x08000188   0x00000000   Code   RO         4307  * .ARM.Collect$$$$00000000  mc_w.l(entry.o)
    0x08000188   0x08000188   0x00000004   Code   RO         4630    .ARM.Collect$$$$00000001  mc_w.l(entry2.o)
    0x0800018c   0x0800018c   0x00000004   Code   RO         4633    .ARM.Collect$$$$00000004  mc_w.l(entry5.o)
    0x08000190   0x08000190   0x00000000   Code   RO         4635    .ARM.Collect$$$$00000008  mc_w.l(entry7b.o)
    0x08000190   0x08000190   0x00000000   Code   RO         4637    .ARM.Collect$$$$0000000A  mc_w.l(entry8b.o)
    0x08000190   0x08000190   0x00000008   Code   RO         4638    .ARM.Collect$$$$0000000B  mc_w.l(entry9a.o)
    0x08000198   0x08000198   0x00000000   Code   RO         4640    .ARM.Collect$$$$0000000D  mc_w.l(entry10a.o)
    0x08000198   0x08000198   0x00000000   Code   RO         4642    .ARM.Collect$$$$0000000F  mc_w.l(entry11a.o)
    0x08000198   0x08000198   0x00000004   Code   RO         4631    .ARM.Collect$$$$00002712  mc_w.l(entry2.o)
    0x0800019c   0x0800019c   0x00000024   Code   RO            4    .text               startup_stm32f407xx.o
    0x080001c0   0x080001c0   0x00000062   Code   RO         4310    .text               mc_w.l(uldiv.o)
    0x08000222   0x08000222   0x00000024   Code   RO         4312    .text               mc_w.l(memseta.o)
    0x08000246   0x08000246   0x0000014e   Code   RO         4574    .text               mf_w.l(dadd.o)
    0x08000394   0x08000394   0x000000e4   Code   RO         4576    .text               mf_w.l(dmul.o)
    0x08000478   0x08000478   0x000000de   Code   RO         4578    .text               mf_w.l(ddiv.o)
    0x08000556   0x08000556   0x00000022   Code   RO         4582    .text               mf_w.l(dflti.o)
    0x08000578   0x08000578   0x0000003e   Code   RO         4584    .text               mf_w.l(dfixi.o)
    0x080005b6   0x080005b6   0x00000032   Code   RO         4586    .text               mf_w.l(dfixui.o)
    0x080005e8   0x080005e8   0x00000030   Code   RO         4588    .text               mf_w.l(cdcmple.o)
    0x08000618   0x08000618   0x00000030   Code   RO         4590    .text               mf_w.l(cdrcmple.o)
    0x08000648   0x08000648   0x0000002c   Code   RO         4645    .text               mc_w.l(uidiv.o)
    0x08000674   0x08000674   0x0000001e   Code   RO         4647    .text               mc_w.l(llshl.o)
    0x08000692   0x08000692   0x00000020   Code   RO         4649    .text               mc_w.l(llushr.o)
    0x080006b2   0x080006b2   0x00000024   Code   RO         4651    .text               mc_w.l(llsshr.o)
    0x080006d6   0x080006d6   0x00000000   Code   RO         4660    .text               mc_w.l(iusefp.o)
    0x080006d6   0x080006d6   0x000000ba   Code   RO         4661    .text               mf_w.l(depilogue.o)
    0x08000790   0x08000790   0x000000a2   Code   RO         4663    .text               mf_w.l(dsqrt.o)
    0x08000832   0x08000832   0x00000030   Code   RO         4665    .text               mf_w.l(dfixul.o)
    0x08000862   0x08000862   0x00000002   PAD
    0x08000864   0x08000864   0x00000024   Code   RO         4667    .text               mc_w.l(init.o)
    0x08000888   0x08000888   0x0000001a   Code   RO         4669    .text               mf_w.l(dfltui.o)
    0x080008a2   0x080008a2   0x00000056   Code   RO         4679    .text               mc_w.l(__dczerorl2.o)
    0x080008f8   0x080008f8   0x00000008   Code   RO          418    i.ABS               main.o
    0x08000900   0x08000900   0x00000002   Code   RO          838    i.BusFault_Handler  stm32f4xx_it.o
    0x08000902   0x08000902   0x00000010   Code   RO          189    i.DELAY_US          nrf24l01.o
    0x08000912   0x08000912   0x00000002   Code   RO          839    i.DebugMon_Handler  stm32f4xx_it.o
    0x08000914   0x08000914   0x00000004   Code   RO          419    i.Error_Handler     main.o
    0x08000918   0x08000918   0x00000092   Code   RO         1886    i.HAL_DMA_Abort     stm32f4xx_hal_dma.o
    0x080009aa   0x080009aa   0x00000024   Code   RO         1887    i.HAL_DMA_Abort_IT  stm32f4xx_hal_dma.o
    0x080009ce   0x080009ce   0x00000002   PAD
    0x080009d0   0x080009d0   0x00000024   Code   RO         2305    i.HAL_Delay         stm32f4xx_hal.o
    0x080009f4   0x080009f4   0x000001f0   Code   RO         1779    i.HAL_GPIO_Init     stm32f4xx_hal_gpio.o
    0x08000be4   0x08000be4   0x0000000a   Code   RO         1783    i.HAL_GPIO_WritePin  stm32f4xx_hal_gpio.o
    0x08000bee   0x08000bee   0x00000002   PAD
    0x08000bf0   0x08000bf0   0x0000000c   Code   RO         2311    i.HAL_GetTick       stm32f4xx_hal.o
    0x08000bfc   0x08000bfc   0x00000188   Code   RO          985    i.HAL_I2C_Init      stm32f4xx_hal_i2c.o
    0x08000d84   0x08000d84   0x0000012c   Code   RO          998    i.HAL_I2C_Master_Transmit  stm32f4xx_hal_i2c.o
    0x08000eb0   0x08000eb0   0x0000006c   Code   RO          581    i.HAL_I2C_MspInit   i2c.o
    0x08000f1c   0x08000f1c   0x00000010   Code   RO         2317    i.HAL_IncTick       stm32f4xx_hal.o
    0x08000f2c   0x08000f2c   0x00000034   Code   RO         2318    i.HAL_Init          stm32f4xx_hal.o
    0x08000f60   0x08000f60   0x00000040   Code   RO         2319    i.HAL_InitTick      stm32f4xx_hal.o
    0x08000fa0   0x08000fa0   0x00000030   Code   RO          950    i.HAL_MspInit       stm32f4xx_hal_msp.o
    0x08000fd0   0x08000fd0   0x0000001a   Code   RO         2168    i.HAL_NVIC_EnableIRQ  stm32f4xx_hal_cortex.o
    0x08000fea   0x08000fea   0x00000002   PAD
    0x08000fec   0x08000fec   0x00000040   Code   RO         2174    i.HAL_NVIC_SetPriority  stm32f4xx_hal_cortex.o
    0x0800102c   0x0800102c   0x00000024   Code   RO         2175    i.HAL_NVIC_SetPriorityGrouping  stm32f4xx_hal_cortex.o
    0x08001050   0x08001050   0x00000134   Code   RO         1425    i.HAL_RCC_ClockConfig  stm32f4xx_hal_rcc.o
    0x08001184   0x08001184   0x00000020   Code   RO         1432    i.HAL_RCC_GetPCLK1Freq  stm32f4xx_hal_rcc.o
    0x080011a4   0x080011a4   0x00000020   Code   RO         1433    i.HAL_RCC_GetPCLK2Freq  stm32f4xx_hal_rcc.o
    0x080011c4   0x080011c4   0x00000060   Code   RO         1434    i.HAL_RCC_GetSysClockFreq  stm32f4xx_hal_rcc.o
    0x08001224   0x08001224   0x0000036c   Code   RO         1437    i.HAL_RCC_OscConfig  stm32f4xx_hal_rcc.o
    0x08001590   0x08001590   0x000000bc   Code   RO         2567    i.HAL_SPI_Init      stm32f4xx_hal_spi.o
    0x0800164c   0x0800164c   0x00000090   Code   RO          623    i.HAL_SPI_MspInit   spi.o
    0x080016dc   0x080016dc   0x0000015a   Code   RO         2570    i.HAL_SPI_Receive   stm32f4xx_hal_spi.o
    0x08001836   0x08001836   0x00000166   Code   RO         2575    i.HAL_SPI_Transmit  stm32f4xx_hal_spi.o
    0x0800199c   0x0800199c   0x000001e2   Code   RO         2576    i.HAL_SPI_TransmitReceive  stm32f4xx_hal_spi.o
    0x08001b7e   0x08001b7e   0x00000028   Code   RO         2179    i.HAL_SYSTICK_Config  stm32f4xx_hal_cortex.o
    0x08001ba6   0x08001ba6   0x00000002   Code   RO         3584    i.HAL_TIMEx_BreakCallback  stm32f4xx_hal_tim_ex.o
    0x08001ba8   0x08001ba8   0x00000002   Code   RO         3585    i.HAL_TIMEx_CommutCallback  stm32f4xx_hal_tim_ex.o
    0x08001baa   0x08001baa   0x00000054   Code   RO         3587    i.HAL_TIMEx_ConfigBreakDeadTime  stm32f4xx_hal_tim_ex.o
    0x08001bfe   0x08001bfe   0x00000002   PAD
    0x08001c00   0x08001c00   0x00000090   Code   RO         3603    i.HAL_TIMEx_MasterConfigSynchronization  stm32f4xx_hal_tim_ex.o
    0x08001c90   0x08001c90   0x0000005a   Code   RO         2880    i.HAL_TIM_Base_Init  stm32f4xx_hal_tim.o
    0x08001cea   0x08001cea   0x00000002   PAD
    0x08001cec   0x08001cec   0x000000e8   Code   RO          665    i.HAL_TIM_Base_MspInit  tim.o
    0x08001dd4   0x08001dd4   0x00000080   Code   RO         2885    i.HAL_TIM_Base_Start_IT  stm32f4xx_hal_tim.o
    0x08001e54   0x08001e54   0x000000dc   Code   RO         2889    i.HAL_TIM_ConfigClockSource  stm32f4xx_hal_tim.o
    0x08001f30   0x08001f30   0x000000a4   Code   RO         2901    i.HAL_TIM_Encoder_Init  stm32f4xx_hal_tim.o
    0x08001fd4   0x08001fd4   0x00000174   Code   RO          667    i.HAL_TIM_Encoder_MspInit  tim.o
    0x08002148   0x08002148   0x0000008e   Code   RO         2904    i.HAL_TIM_Encoder_Start  stm32f4xx_hal_tim.o
    0x080021d6   0x080021d6   0x00000002   Code   RO         2914    i.HAL_TIM_IC_CaptureCallback  stm32f4xx_hal_tim.o
    0x080021d8   0x080021d8   0x00000166   Code   RO         2928    i.HAL_TIM_IRQHandler  stm32f4xx_hal_tim.o
    0x0800233e   0x0800233e   0x00000002   PAD
    0x08002340   0x08002340   0x00000130   Code   RO          668    i.HAL_TIM_MspPostInit  tim.o
    0x08002470   0x08002470   0x00000002   Code   RO         2931    i.HAL_TIM_OC_DelayElapsedCallback  stm32f4xx_hal_tim.o
    0x08002472   0x08002472   0x000000cc   Code   RO         2952    i.HAL_TIM_PWM_ConfigChannel  stm32f4xx_hal_tim.o
    0x0800253e   0x0800253e   0x0000005a   Code   RO         2955    i.HAL_TIM_PWM_Init  stm32f4xx_hal_tim.o
    0x08002598   0x08002598   0x00000002   Code   RO         2957    i.HAL_TIM_PWM_MspInit  stm32f4xx_hal_tim.o
    0x0800259a   0x0800259a   0x00000002   Code   RO         2958    i.HAL_TIM_PWM_PulseFinishedCallback  stm32f4xx_hal_tim.o
    0x0800259c   0x0800259c   0x000000f4   Code   RO         2962    i.HAL_TIM_PWM_Start_IT  stm32f4xx_hal_tim.o
    0x08002690   0x08002690   0x00000998   Code   RO          420    i.HAL_TIM_PeriodElapsedCallback  main.o
    0x08003028   0x08003028   0x00000002   Code   RO         2971    i.HAL_TIM_TriggerCallback  stm32f4xx_hal_tim.o
    0x0800302a   0x0800302a   0x00000002   Code   RO         3862    i.HAL_UARTEx_RxEventCallback  stm32f4xx_hal_uart.o
    0x0800302c   0x0800302c   0x00000002   Code   RO         3876    i.HAL_UART_ErrorCallback  stm32f4xx_hal_uart.o
    0x0800302e   0x0800302e   0x00000002   PAD
    0x08003030   0x08003030   0x00000268   Code   RO         3879    i.HAL_UART_IRQHandler  stm32f4xx_hal_uart.o
    0x08003298   0x08003298   0x00000062   Code   RO         3880    i.HAL_UART_Init     stm32f4xx_hal_uart.o
    0x080032fa   0x080032fa   0x00000002   PAD
    0x080032fc   0x080032fc   0x0000007c   Code   RO          785    i.HAL_UART_MspInit  usart.o
    0x08003378   0x08003378   0x00000002   Code   RO         3886    i.HAL_UART_RxCpltCallback  stm32f4xx_hal_uart.o
    0x0800337a   0x0800337a   0x00000002   PAD
    0x0800337c   0x0800337c   0x000000b2   Code   RO         3888    i.HAL_UART_Transmit  stm32f4xx_hal_uart.o
    0x0800342e   0x0800342e   0x0000003e   Code   RO         3890    i.HAL_UART_Transmit_IT  stm32f4xx_hal_uart.o
    0x0800346c   0x0800346c   0x00000002   Code   RO         3891    i.HAL_UART_TxCpltCallback  stm32f4xx_hal_uart.o
    0x0800346e   0x0800346e   0x00000002   Code   RO          840    i.HardFault_Handler  stm32f4xx_it.o
    0x08003470   0x08003470   0x0000002e   Code   RO         1027    i.I2C_IsAcknowledgeFailed  stm32f4xx_hal_i2c.o
    0x0800349e   0x0800349e   0x00000002   PAD
    0x080034a0   0x080034a0   0x0000009c   Code   RO         1031    i.I2C_MasterRequestWrite  stm32f4xx_hal_i2c.o
    0x0800353c   0x0800353c   0x0000004c   Code   RO         1042    i.I2C_WaitOnBTFFlagUntilTimeout  stm32f4xx_hal_i2c.o
    0x08003588   0x08003588   0x00000068   Code   RO         1043    i.I2C_WaitOnFlagUntilTimeout  stm32f4xx_hal_i2c.o
    0x080035f0   0x080035f0   0x00000096   Code   RO         1044    i.I2C_WaitOnMasterAddressFlagUntilTimeout  stm32f4xx_hal_i2c.o
    0x08003686   0x08003686   0x0000004c   Code   RO         1046    i.I2C_WaitOnTXEFlagUntilTimeout  stm32f4xx_hal_i2c.o
    0x080036d2   0x080036d2   0x00000002   PAD
    0x080036d4   0x080036d4   0x00000120   Code   RO          556    i.MX_GPIO_Init      gpio.o
    0x080037f4   0x080037f4   0x00000040   Code   RO          582    i.MX_I2C2_Init      i2c.o
    0x08003834   0x08003834   0x00000048   Code   RO          624    i.MX_SPI1_Init      spi.o
    0x0800387c   0x0800387c   0x00000068   Code   RO          669    i.MX_TIM11_Init     tim.o
    0x080038e4   0x080038e4   0x00000094   Code   RO          670    i.MX_TIM12_Init     tim.o
    0x08003978   0x08003978   0x000000fc   Code   RO          671    i.MX_TIM1_Init      tim.o
    0x08003a74   0x08003a74   0x00000068   Code   RO          672    i.MX_TIM2_Init      tim.o
    0x08003adc   0x08003adc   0x000000bc   Code   RO          673    i.MX_TIM3_Init      tim.o
    0x08003b98   0x08003b98   0x0000006c   Code   RO          674    i.MX_TIM4_Init      tim.o
    0x08003c04   0x08003c04   0x00000068   Code   RO          675    i.MX_TIM5_Init      tim.o
    0x08003c6c   0x08003c6c   0x00000048   Code   RO          676    i.MX_TIM6_Init      tim.o
    0x08003cb4   0x08003cb4   0x0000004c   Code   RO          677    i.MX_TIM7_Init      tim.o
    0x08003d00   0x08003d00   0x0000006c   Code   RO          678    i.MX_TIM8_Init      tim.o
    0x08003d6c   0x08003d6c   0x00000094   Code   RO          679    i.MX_TIM9_Init      tim.o
    0x08003e00   0x08003e00   0x00000038   Code   RO          786    i.MX_USART1_UART_Init  usart.o
    0x08003e38   0x08003e38   0x00000002   Code   RO          841    i.MemManage_Handler  stm32f4xx_it.o
    0x08003e3a   0x08003e3a   0x00000002   Code   RO          842    i.NMI_Handler       stm32f4xx_it.o
    0x08003e3c   0x08003e3c   0x00000048   Code   RO          190    i.NRF24L01_Check    nrf24l01.o
    0x08003e84   0x08003e84   0x00000028   Code   RO          191    i.NRF24L01_Init     nrf24l01.o
    0x08003eac   0x08003eac   0x00000044   Code   RO          192    i.NRF24L01_Read_Buf  nrf24l01.o
    0x08003ef0   0x08003ef0   0x00000030   Code   RO          193    i.NRF24L01_Read_Reg  nrf24l01.o
    0x08003f20   0x08003f20   0x00000054   Code   RO          194    i.NRF24L01_RxPacket  nrf24l01.o
    0x08003f74   0x08003f74   0x00000044   Code   RO          196    i.NRF24L01_Write_Buf  nrf24l01.o
    0x08003fb8   0x08003fb8   0x00000034   Code   RO          197    i.NRF24L01_Write_Reg  nrf24l01.o
    0x08003fec   0x08003fec   0x00000040   Code   RO          297    i.OLED_DrawBMP      oled.o
    0x0800402c   0x0800402c   0x0000001e   Code   RO          300    i.OLED_display_on   oled.o
    0x0800404a   0x0800404a   0x00000002   PAD
    0x0800404c   0x0800404c   0x00000048   Code   RO          302    i.OLED_draw_point   oled.o
    0x08004094   0x08004094   0x000000e6   Code   RO          303    i.OLED_init         oled.o
    0x0800417a   0x0800417a   0x00000002   PAD
    0x0800417c   0x0800417c   0x00000040   Code   RO          304    i.OLED_operate_gram  oled.o
    0x080041bc   0x080041bc   0x00000044   Code   RO          305    i.OLED_printf       oled.o
    0x08004200   0x08004200   0x00000034   Code   RO          306    i.OLED_refresh_gram  oled.o
    0x08004234   0x08004234   0x00000028   Code   RO          307    i.OLED_set_pos      oled.o
    0x0800425c   0x0800425c   0x00000078   Code   RO          308    i.OLED_show_char    oled.o
    0x080042d4   0x080042d4   0x0000002e   Code   RO          309    i.OLED_show_string  oled.o
    0x08004302   0x08004302   0x00000002   PAD
    0x08004304   0x08004304   0x000000e8   Code   RO          421    i.PWM_output        main.o
    0x080043ec   0x080043ec   0x00000002   Code   RO          843    i.PendSV_Handler    stm32f4xx_it.o
    0x080043ee   0x080043ee   0x00000002   PAD
    0x080043f0   0x080043f0   0x00000060   Code   RO          198    i.RX_Mode           nrf24l01.o
    0x08004450   0x08004450   0x0000005c   Code   RO         2604    i.SPI_EndRxTransaction  stm32f4xx_hal_spi.o
    0x080044ac   0x080044ac   0x00000058   Code   RO         2605    i.SPI_EndRxTxTransaction  stm32f4xx_hal_spi.o
    0x08004504   0x08004504   0x000000b8   Code   RO         2610    i.SPI_WaitFlagStateUntilTimeout  stm32f4xx_hal_spi.o
    0x080045bc   0x080045bc   0x00000002   Code   RO          844    i.SVC_Handler       stm32f4xx_it.o
    0x080045be   0x080045be   0x00000004   Code   RO          845    i.SysTick_Handler   stm32f4xx_it.o
    0x080045c2   0x080045c2   0x00000002   PAD
    0x080045c4   0x080045c4   0x00000090   Code   RO          422    i.SystemClock_Config  main.o
    0x08004654   0x08004654   0x00000010   Code   RO         4209    i.SystemInit        system_stm32f4xx.o
    0x08004664   0x08004664   0x0000000c   Code   RO          846    i.TIM2_IRQHandler   stm32f4xx_it.o
    0x08004670   0x08004670   0x0000000c   Code   RO          847    i.TIM4_IRQHandler   stm32f4xx_it.o
    0x0800467c   0x0800467c   0x0000000c   Code   RO          848    i.TIM5_IRQHandler   stm32f4xx_it.o
    0x08004688   0x08004688   0x0000000c   Code   RO          849    i.TIM6_DAC_IRQHandler  stm32f4xx_it.o
    0x08004694   0x08004694   0x0000000c   Code   RO          850    i.TIM7_IRQHandler   stm32f4xx_it.o
    0x080046a0   0x080046a0   0x000000c8   Code   RO         2973    i.TIM_Base_SetConfig  stm32f4xx_hal_tim.o
    0x08004768   0x08004768   0x0000001a   Code   RO         2974    i.TIM_CCxChannelCmd  stm32f4xx_hal_tim.o
    0x08004782   0x08004782   0x00000014   Code   RO         2984    i.TIM_ETR_SetConfig  stm32f4xx_hal_tim.o
    0x08004796   0x08004796   0x00000010   Code   RO         2985    i.TIM_ITRx_SetConfig  stm32f4xx_hal_tim.o
    0x080047a6   0x080047a6   0x00000002   PAD
    0x080047a8   0x080047a8   0x00000060   Code   RO         2986    i.TIM_OC1_SetConfig  stm32f4xx_hal_tim.o
    0x08004808   0x08004808   0x0000006c   Code   RO         2987    i.TIM_OC2_SetConfig  stm32f4xx_hal_tim.o
    0x08004874   0x08004874   0x00000068   Code   RO         2988    i.TIM_OC3_SetConfig  stm32f4xx_hal_tim.o
    0x080048dc   0x080048dc   0x00000050   Code   RO         2989    i.TIM_OC4_SetConfig  stm32f4xx_hal_tim.o
    0x0800492c   0x0800492c   0x00000022   Code   RO         2991    i.TIM_TI1_ConfigInputStage  stm32f4xx_hal_tim.o
    0x0800494e   0x0800494e   0x00000024   Code   RO         2993    i.TIM_TI2_ConfigInputStage  stm32f4xx_hal_tim.o
    0x08004972   0x08004972   0x00000010   Code   RO         3893    i.UART_DMAAbortOnError  stm32f4xx_hal_uart.o
    0x08004982   0x08004982   0x0000004e   Code   RO         3903    i.UART_EndRxTransfer  stm32f4xx_hal_uart.o
    0x080049d0   0x080049d0   0x000000c0   Code   RO         3905    i.UART_Receive_IT   stm32f4xx_hal_uart.o
    0x08004a90   0x08004a90   0x00000088   Code   RO           18    i.UART_SendData4    data_uart.o
    0x08004b18   0x08004b18   0x0000010c   Code   RO         3906    i.UART_SetConfig    stm32f4xx_hal_uart.o
    0x08004c24   0x08004c24   0x00000078   Code   RO         3909    i.UART_WaitOnFlagUntilTimeout  stm32f4xx_hal_uart.o
    0x08004c9c   0x08004c9c   0x0000000c   Code   RO          851    i.USART1_IRQHandler  stm32f4xx_it.o
    0x08004ca8   0x08004ca8   0x00000002   Code   RO          852    i.UsageFault_Handler  stm32f4xx_it.o
    0x08004caa   0x08004caa   0x00000002   PAD
    0x08004cac   0x08004cac   0x00000020   Code   RO         4547    i.__0printf         mc_w.l(printfa.o)
    0x08004ccc   0x08004ccc   0x00000024   Code   RO         4553    i.__0vsprintf       mc_w.l(printfa.o)
    0x08004cf0   0x08004cf0   0x00000030   Code   RO         4615    i.__ARM_fpclassify  m_wm.l(fpclassify.o)
    0x08004d20   0x08004d20   0x00000020   Code   RO         2181    i.__NVIC_SetPriority  stm32f4xx_hal_cortex.o
    0x08004d40   0x08004d40   0x00000360   Code   RO         4243    i.__hardfp_asin     m_wm.l(asin.o)
    0x080050a0   0x080050a0   0x000002d8   Code   RO         4257    i.__hardfp_atan     m_wm.l(atan.o)
    0x08005378   0x08005378   0x000000c8   Code   RO         4271    i.__hardfp_cos      m_wm.l(cos.o)
    0x08005440   0x08005440   0x000000c8   Code   RO         4283    i.__hardfp_sin      m_wm.l(sin.o)
    0x08005508   0x08005508   0x0000007a   Code   RO         4295    i.__hardfp_sqrt     m_wm.l(sqrt.o)
    0x08005582   0x08005582   0x00000006   PAD
    0x08005588   0x08005588   0x00000438   Code   RO         4619    i.__ieee754_rem_pio2  m_wm.l(rred.o)
    0x080059c0   0x080059c0   0x00000170   Code   RO         4592    i.__kernel_cos      m_wm.l(cos_i.o)
    0x08005b30   0x08005b30   0x000000f8   Code   RO         4617    i.__kernel_poly     m_wm.l(poly.o)
    0x08005c28   0x08005c28   0x00000130   Code   RO         4624    i.__kernel_sin      m_wm.l(sin_i.o)
    0x08005d58   0x08005d58   0x00000014   Code   RO         4596    i.__mathlib_dbl_infnan  m_wm.l(dunder.o)
    0x08005d6c   0x08005d6c   0x00000004   PAD
    0x08005d70   0x08005d70   0x00000020   Code   RO         4598    i.__mathlib_dbl_invalid  m_wm.l(dunder.o)
    0x08005d90   0x08005d90   0x00000020   Code   RO         4601    i.__mathlib_dbl_underflow  m_wm.l(dunder.o)
    0x08005db0   0x08005db0   0x0000000e   Code   RO         4673    i.__scatterload_copy  mc_w.l(handlers.o)
    0x08005dbe   0x08005dbe   0x00000002   Code   RO         4674    i.__scatterload_null  mc_w.l(handlers.o)
    0x08005dc0   0x08005dc0   0x0000000e   Code   RO         4675    i.__scatterload_zeroinit  mc_w.l(handlers.o)
    0x08005dce   0x08005dce   0x00000002   PAD
    0x08005dd0   0x08005dd0   0x0000000c   Code   RO         4655    i.__set_errno       mc_w.l(errno.o)
    0x08005ddc   0x08005ddc   0x00000164   Code   RO         4554    i._fp_digits        mc_w.l(printfa.o)
    0x08005f40   0x08005f40   0x000006dc   Code   RO         4555    i._printf_core      mc_w.l(printfa.o)
    0x0800661c   0x0800661c   0x00000024   Code   RO         4556    i._printf_post_padding  mc_w.l(printfa.o)
    0x08006640   0x08006640   0x0000002e   Code   RO         4557    i._printf_pre_padding  mc_w.l(printfa.o)
    0x0800666e   0x0800666e   0x0000000a   Code   RO         4559    i._sputc            mc_w.l(printfa.o)
    0x08006678   0x08006678   0x00000018   Code   RO         4611    i.fabs              m_wm.l(fabs.o)
    0x08006690   0x08006690   0x00000018   Code   RO          788    i.fputc             usart.o
    0x080066a8   0x080066a8   0x00000054   Code   RO          424    i.get_speed         main.o
    0x080066fc   0x080066fc   0x00000044   Code   RO          425    i.input_pidv        main.o
    0x08006740   0x08006740   0x000003d0   Code   RO          426    i.main              main.o
    0x08006b10   0x08006b10   0x00000434   Code   RO          427    i.mani_cul          main.o
    0x08006f44   0x08006f44   0x00000020   Code   RO          200    i.nRF24_SPI_Send_Byte  nrf24l01.o
    0x08006f64   0x08006f64   0x00000028   Code   RO          310    i.oled_write_byte   oled.o
    0x08006f8c   0x08006f8c   0x00000144   Code   RO          429    i.pid_autoset       main.o
    0x080070d0   0x080070d0   0x00000046   Code   RO          430    i.pid_cal           main.o
    0x08007116   0x08007116   0x00000002   PAD
    0x08007118   0x08007118   0x0000001c   Code   RO          431    i.pwm_limit         main.o
    0x08007134   0x08007134   0x0000006e   Code   RO         4297    i.sqrt              m_wm.l(sqrt.o)
    0x080071a2   0x080071a2   0x00000005   Data   RO          202    .constdata          nrf24l01.o
    0x080071a7   0x080071a7   0x00000874   Data   RO          312    .constdata          oled.o
    0x08007a1b   0x08007a1b   0x00000010   Data   RO         4210    .constdata          system_stm32f4xx.o
    0x08007a2b   0x08007a2b   0x00000008   Data   RO         4211    .constdata          system_stm32f4xx.o
    0x08007a33   0x08007a33   0x00000005   PAD
    0x08007a38   0x08007a38   0x00000050   Data   RO         4246    .constdata          m_wm.l(asin.o)
    0x08007a88   0x08007a88   0x00000098   Data   RO         4260    .constdata          m_wm.l(atan.o)
    0x08007b20   0x08007b20   0x00000030   Data   RO         4593    .constdata          m_wm.l(cos_i.o)
    0x08007b50   0x08007b50   0x000000c8   Data   RO         4621    .constdata          m_wm.l(rred.o)
    0x08007c18   0x08007c18   0x00000028   Data   RO         4625    .constdata          m_wm.l(sin_i.o)
    0x08007c40   0x08007c40   0x00000020   Data   RO         4671    Region$$Table       anon$$obj.o


    Execution Region RW_IRAM1 (Exec base: 0x20000000, Load base: 0x08007c60, Size: 0x000010c8, Max: 0x0001c000, ABSOLUTE, COMPRESSED[0x000000c0])

    Exec Addr    Load Addr    Size         Type   Attr      Idx    E Section Name        Object

    0x20000000   COMPRESSED   0x00000186   Data   RW          313    .data               oled.o
    0x20000186   COMPRESSED   0x00000002   PAD
    0x20000188   COMPRESSED   0x00000008   Data   RW          314    .data               oled.o
    0x20000190   COMPRESSED   0x0000002c   Data   RW          435    .data               main.o
    0x200001bc   COMPRESSED   0x0000000c   Data   RW         2325    .data               stm32f4xx_hal.o
    0x200001c8   COMPRESSED   0x00000004   Data   RW         4212    .data               system_stm32f4xx.o
    0x200001cc   COMPRESSED   0x00000004   Data   RW         4644    .data               mc_w.l(stdout.o)
    0x200001d0   COMPRESSED   0x00000004   Data   RW         4656    .data               mc_w.l(errno.o)
    0x200001d4        -       0x0000006e   Zero   RW           19    .bss                data_uart.o
    0x20000242        -       0x00000480   Zero   RW          311    .bss                oled.o
    0x200006c2   COMPRESSED   0x00000006   PAD
    0x200006c8        -       0x000001b4   Zero   RW          433    .bss                main.o
    0x2000087c        -       0x00000054   Zero   RW          583    .bss                i2c.o
    0x200008d0        -       0x00000058   Zero   RW          625    .bss                spi.o
    0x20000928        -       0x00000318   Zero   RW          680    .bss                tim.o
    0x20000c40        -       0x00000084   Zero   RW          789    .bss                usart.o
    0x20000cc4   COMPRESSED   0x00000004   PAD
    0x20000cc8        -       0x00000400   Zero   RW            1    STACK               startup_stm32f407xx.o


    Execution Region RW_IRAM2 (Exec base: 0x2001c000, Load base: 0x08007d20, Size: 0x00000000, Max: 0x00004000, ABSOLUTE)

    **** No section assigned to this execution region ****


==============================================================================

Image component sizes


      Code (inc. data)   RO Data    RW Data    ZI Data      Debug   Object Name

       136         10          0          0        110     712172   data_uart.o
       288         22          0          0          0       1143   gpio.o
       172         28          0          0         84       1745   i2c.o
      5470        710          0         44        436      11793   main.o
       576         76          5          0          0       7077   nrf24l01.o
       826         40       2164        398       1152      10308   oled.o
       216         26          0          0         88       1809   spi.o
        36          8        392          0       1024        860   startup_stm32f407xx.o
       180         28          0         12          0       9545   stm32f4xx_hal.o
       198         14          0          0          0      33747   stm32f4xx_hal_cortex.o
       182          0          0          0          0       2047   stm32f4xx_hal_dma.o
       506         46          0          0          0       2092   stm32f4xx_hal_gpio.o
      1300         32          0          0          0       8317   stm32f4xx_hal_i2c.o
        48          6          0          0          0        906   stm32f4xx_hal_msp.o
      1344         72          0          0          0       5180   stm32f4xx_hal_rcc.o
      1738         12          0          0          0       7046   stm32f4xx_hal_spi.o
      2370        136          0          0          0      18284   stm32f4xx_hal_tim.o
       232         28          0          0          0       3301   stm32f4xx_hal_tim_ex.o
      1636         16          0          0          0      10563   stm32f4xx_hal_uart.o
        92         36          0          0          0       7356   stm32f4xx_it.o
        16          4         24          4          0       1207   system_stm32f4xx.o
      2320        190          0          0        792      11012   tim.o
       204         28          0          0        132       2498   usart.o

    ----------------------------------------------------------------------
     20124       1568       2622        460       3828     870008   Object Totals
         0          0         32          0          0          0   (incl. Generated)
        38          0          5          2         10          0   (incl. Padding)

    ----------------------------------------------------------------------

      Code (inc. data)   RO Data    RW Data    ZI Data      Debug   Library Member Name

       864         94         80          0          0        280   asin.o
       728        106        152          0          0        228   atan.o
       200         20          0          0          0        164   cos.o
       368         46         48          0          0        200   cos_i.o
        84         16          0          0          0        372   dunder.o
        24          0          0          0          0        124   fabs.o
        48          0          0          0          0        124   fpclassify.o
       248          0          0          0          0        152   poly.o
      1080        142        200          0          0        188   rred.o
       200         20          0          0          0        164   sin.o
       304         24         40          0          0        208   sin_i.o
       232          0          0          0          0        296   sqrt.o
        86          0          0          0          0          0   __dczerorl2.o
         0          0          0          0          0          0   entry.o
         0          0          0          0          0          0   entry10a.o
         0          0          0          0          0          0   entry11a.o
         8          4          0          0          0          0   entry2.o
         4          0          0          0          0          0   entry5.o
         0          0          0          0          0          0   entry7b.o
         0          0          0          0          0          0   entry8b.o
         8          4          0          0          0          0   entry9a.o
        12          6          0          4          0         68   errno.o
        30          0          0          0          0          0   handlers.o
        36          8          0          0          0         68   init.o
         0          0          0          0          0          0   iusefp.o
        30          0          0          0          0         68   llshl.o
        36          0          0          0          0         68   llsshr.o
        32          0          0          0          0         68   llushr.o
        36          0          0          0          0        108   memseta.o
      2272         96          0          0          0        592   printfa.o
         0          0          0          4          0          0   stdout.o
        44          0          0          0          0         80   uidiv.o
        98          0          0          0          0         92   uldiv.o
        48          0          0          0          0         68   cdcmple.o
        48          0          0          0          0         68   cdrcmple.o
       334          0          0          0          0        148   dadd.o
       222          0          0          0          0        100   ddiv.o
       186          0          0          0          0        176   depilogue.o
        62          0          0          0          0         80   dfixi.o
        50          0          0          0          0         76   dfixui.o
        48          0          0          0          0         68   dfixul.o
        34          0          0          0          0         76   dflti.o
        26          0          0          0          0         76   dfltui.o
       228          0          0          0          0         96   dmul.o
       162          0          0          0          0        100   dsqrt.o

    ----------------------------------------------------------------------
      8574        586        520          8          0       4844   Library Totals
        14          0          0          0          0          0   (incl. Padding)

    ----------------------------------------------------------------------

      Code (inc. data)   RO Data    RW Data    ZI Data      Debug   Library Name

      4380        468        520          0          0       2500   m_wm.l
      2732        118          0          8          0       1212   mc_w.l
      1448          0          0          0          0       1132   mf_w.l

    ----------------------------------------------------------------------
      8574        586        520          8          0       4844   Library Totals

    ----------------------------------------------------------------------

==============================================================================


      Code (inc. data)   RO Data    RW Data    ZI Data      Debug   

     28698       2154       3142        468       3828     858588   Grand Totals
     28698       2154       3142        192       3828     858588   ELF Image Totals (compressed)
     28698       2154       3142        192          0          0   ROM Totals

==============================================================================

    Total RO  Size (Code + RO Data)                31840 (  31.09kB)
    Total RW  Size (RW Data + ZI Data)              4296 (   4.20kB)
    Total ROM Size (Code + RO Data + RW Data)      32032 (  31.28kB)

==============================================================================

